Component: ARM Compiler 5.06 update 6 (build 750) Tool: armlink [4d35ed]

==============================================================================

Section Cross References

    startup_stm32f405xx.o(STACK) refers (Special) to heapauxi.o(.text) for __use_two_region_memory
    startup_stm32f405xx.o(HEAP) refers (Special) to heapauxi.o(.text) for __use_two_region_memory
    startup_stm32f405xx.o(RESET) refers (Special) to heapauxi.o(.text) for __use_two_region_memory
    startup_stm32f405xx.o(RESET) refers to startup_stm32f405xx.o(STACK) for __initial_sp
    startup_stm32f405xx.o(RESET) refers to startup_stm32f405xx.o(.text) for Reset_Handler
    startup_stm32f405xx.o(RESET) refers to stm32f4xx_it.o(i.NMI_Handler) for NMI_Handler
    startup_stm32f405xx.o(RESET) refers to stm32f4xx_it.o(i.HardFault_Handler) for HardFault_Handler
    startup_stm32f405xx.o(RESET) refers to stm32f4xx_it.o(i.MemManage_Handler) for MemManage_Handler
    startup_stm32f405xx.o(RESET) refers to stm32f4xx_it.o(i.BusFault_Handler) for BusFault_Handler
    startup_stm32f405xx.o(RESET) refers to stm32f4xx_it.o(i.UsageFault_Handler) for UsageFault_Handler
    startup_stm32f405xx.o(RESET) refers to stm32f4xx_it.o(i.SVC_Handler) for SVC_Handler
    startup_stm32f405xx.o(RESET) refers to stm32f4xx_it.o(i.DebugMon_Handler) for DebugMon_Handler
    startup_stm32f405xx.o(RESET) refers to stm32f4xx_it.o(i.PendSV_Handler) for PendSV_Handler
    startup_stm32f405xx.o(RESET) refers to stm32f4xx_it.o(i.SysTick_Handler) for SysTick_Handler
    startup_stm32f405xx.o(RESET) refers to stm32f4xx_it.o(i.DMA1_Stream0_IRQHandler) for DMA1_Stream0_IRQHandler
    startup_stm32f405xx.o(RESET) refers to stm32f4xx_it.o(i.DMA1_Stream3_IRQHandler) for DMA1_Stream3_IRQHandler
    startup_stm32f405xx.o(RESET) refers to stm32f4xx_it.o(i.DMA1_Stream4_IRQHandler) for DMA1_Stream4_IRQHandler
    startup_stm32f405xx.o(RESET) refers to stm32f4xx_it.o(i.DMA1_Stream5_IRQHandler) for DMA1_Stream5_IRQHandler
    startup_stm32f405xx.o(RESET) refers to stm32f4xx_it.o(i.DMA1_Stream6_IRQHandler) for DMA1_Stream6_IRQHandler
    startup_stm32f405xx.o(RESET) refers to stm32f4xx_it.o(i.TIM2_IRQHandler) for TIM2_IRQHandler
    startup_stm32f405xx.o(RESET) refers to stm32f4xx_it.o(i.SPI2_IRQHandler) for SPI2_IRQHandler
    startup_stm32f405xx.o(RESET) refers to stm32f4xx_it.o(i.USART1_IRQHandler) for USART1_IRQHandler
    startup_stm32f405xx.o(RESET) refers to stm32f4xx_it.o(i.USART2_IRQHandler) for USART2_IRQHandler
    startup_stm32f405xx.o(RESET) refers to stm32f4xx_it.o(i.EXTI15_10_IRQHandler) for EXTI15_10_IRQHandler
    startup_stm32f405xx.o(RESET) refers to stm32f4xx_it.o(i.DMA1_Stream7_IRQHandler) for DMA1_Stream7_IRQHandler
    startup_stm32f405xx.o(RESET) refers to stm32f4xx_it.o(i.UART5_IRQHandler) for UART5_IRQHandler
    startup_stm32f405xx.o(RESET) refers to stm32f4xx_it.o(i.DMA2_Stream1_IRQHandler) for DMA2_Stream1_IRQHandler
    startup_stm32f405xx.o(RESET) refers to stm32f4xx_it.o(i.DMA2_Stream2_IRQHandler) for DMA2_Stream2_IRQHandler
    startup_stm32f405xx.o(RESET) refers to stm32f4xx_it.o(i.DMA2_Stream6_IRQHandler) for DMA2_Stream6_IRQHandler
    startup_stm32f405xx.o(RESET) refers to stm32f4xx_it.o(i.DMA2_Stream7_IRQHandler) for DMA2_Stream7_IRQHandler
    startup_stm32f405xx.o(RESET) refers to stm32f4xx_it.o(i.USART6_IRQHandler) for USART6_IRQHandler
    startup_stm32f405xx.o(.text) refers (Special) to heapauxi.o(.text) for __use_two_region_memory
    startup_stm32f405xx.o(.text) refers to system_stm32f4xx.o(i.SystemInit) for SystemInit
    startup_stm32f405xx.o(.text) refers to __main.o(!!!main) for __main
    startup_stm32f405xx.o(.text) refers to startup_stm32f405xx.o(HEAP) for Heap_Mem
    startup_stm32f405xx.o(.text) refers to startup_stm32f405xx.o(STACK) for Stack_Mem
    main.o(i.SystemClock_Config) refers to rt_memclr_w.o(.text) for __aeabi_memclr4
    main.o(i.SystemClock_Config) refers to stm32f4xx_hal_rcc.o(i.HAL_RCC_OscConfig) for HAL_RCC_OscConfig
    main.o(i.SystemClock_Config) refers to stm32f4xx_hal_rcc.o(i.HAL_RCC_ClockConfig) for HAL_RCC_ClockConfig
    main.o(i.main) refers to stm32f4xx_hal.o(i.HAL_Init) for HAL_Init
    main.o(i.main) refers to main.o(i.SystemClock_Config) for SystemClock_Config
    main.o(i.main) refers to gpio.o(i.MX_GPIO_Init) for MX_GPIO_Init
    main.o(i.main) refers to dma.o(i.MX_DMA_Init) for MX_DMA_Init
    main.o(i.main) refers to usart.o(i.MX_USART1_UART_Init) for MX_USART1_UART_Init
    main.o(i.main) refers to tim.o(i.MX_TIM2_Init) for MX_TIM2_Init
    main.o(i.main) refers to usart.o(i.MX_USART2_UART_Init) for MX_USART2_UART_Init
    main.o(i.main) refers to usart.o(i.MX_USART6_UART_Init) for MX_USART6_UART_Init
    main.o(i.main) refers to spi.o(i.MX_SPI2_Init) for MX_SPI2_Init
    main.o(i.main) refers to usart.o(i.MX_UART5_Init) for MX_UART5_Init
    main.o(i.main) refers to stm32f4xx_hal_uart.o(i.HAL_UART_Receive_DMA) for HAL_UART_Receive_DMA
[...]
    .ARM.Collect$$rtentry$$00000009          0x0800020e   Section        0  __rtentry2.o(.ARM.Collect$$rtentry$$00000009)
    .ARM.Collect$$rtentry$$0000000A          0x0800020e   Section        4  __rtentry2.o(.ARM.Collect$$rtentry$$0000000A)
    .ARM.Collect$$rtentry$$0000000C          0x08000212   Section        0  __rtentry2.o(.ARM.Collect$$rtentry$$0000000C)
    .ARM.Collect$$rtentry$$0000000D          0x08000212   Section        8  __rtentry2.o(.ARM.Collect$$rtentry$$0000000D)
    .ARM.Collect$$rtexit$$00000000           0x0800021a   Section        2  rtexit.o(.ARM.Collect$$rtexit$$00000000)
    .ARM.Collect$$rtexit$$00000002           0x0800021c   Section        0  rtexit2.o(.ARM.Collect$$rtexit$$00000002)
    .ARM.Collect$$rtexit$$00000003           0x0800021c   Section        4  rtexit2.o(.ARM.Collect$$rtexit$$00000003)
    .ARM.Collect$$rtexit$$00000004           0x08000220   Section        6  rtexit2.o(.ARM.Collect$$rtexit$$00000004)
    .text                                    0x08000228   Section       64  startup_stm32f405xx.o(.text)
    $v0                                      0x08000228   Number         0  startup_stm32f405xx.o(.text)
    .text                                    0x08000268   Section      238  lludivv7m.o(.text)
    .text                                    0x08000356   Section      100  rt_memcpy_w.o(.text)
    .text                                    0x080003ba   Section       78  rt_memclr_w.o(.text)
    .text                                    0x08000408   Section        0  heapauxi.o(.text)
    .text                                    0x0800040e   Section       74  sys_stackheap_outer.o(.text)
    .text                                    0x08000458   Section        0  exit.o(.text)
    .text                                    0x0800046c   Section        8  libspace.o(.text)
    .text                                    0x08000474   Section        0  sys_exit.o(.text)
    .text                                    0x08000480   Section        2  use_no_semi.o(.text)
    .text                                    0x08000482   Section        0  indicate_semi.o(.text)
    i.ADS131A04_Init                         0x08000484   Section        0  a04_spi.o(i.ADS131A04_Init)
    i.ADS131A04_Reset                        0x08000530   Section        0  a04_spi.o(i.ADS131A04_Reset)
    i.ADS131A0xGetChannels                   0x0800055c   Section        0  a04_spi.o(i.ADS131A0xGetChannels)
    i.ADS131A0xSendCmd                       0x080006b0   Section        0  a04_spi.o(i.ADS131A0xSendCmd)
    i.ADS131A0xSetCS                         0x080006dc   Section        0  a04_spi.o(i.ADS131A0xSetCS)
    i.ADS131A0xWriteRegister                 0x080006fc   Section        0  a04_spi.o(i.ADS131A0xWriteRegister)
    i.ADS131A0xXferWord                      0x08000708   Section        0  a04_spi.o(i.ADS131A0xXferWord)
    i.BusFault_Handler                       0x08000734   Section        0  stm32f4xx_it.o(i.BusFault_Handler)
    i.DMA1_Stream0_IRQHandler                0x08000738   Section        0  stm32f4xx_it.o(i.DMA1_Stream0_IRQHandler)
    i.DMA1_Stream3_IRQHandler                0x08000744   Section        0  stm32f4xx_it.o(i.DMA1_Stream3_IRQHandler)
    i.DMA1_Stream4_IRQHandler                0x08000750   Section        0  stm32f4xx_it.o(i.DMA1_Stream4_IRQHandler)
    i.DMA1_Stream5_IRQHandler                0x0800075c   Section        0  stm32f4xx_it.o(i.DMA1_Stream5_IRQHandler)
    i.DMA1_Stream6_IRQHandler                0x08000768   Section        0  stm32f4xx_it.o(i.DMA1_Stream6_IRQHandler)
    i.DMA1_Stream7_IRQHandler                0x08000774   Section        0  stm32f4xx_it.o(i.DMA1_Stream7_IRQHandler)
    i.DMA2_Stream1_IRQHandler                0x08000780   Section        0  stm32f4xx_it.o(i.DMA2_Stream1_IRQHandler)
    i.DMA2_Stream2_IRQHandler                0x0800078c   Section        0  stm32f4xx_it.o(i.DMA2_Stream2_IRQHandler)
    i.DMA2_Stream6_IRQHandler                0x08000798   Section        0  stm32f4xx_it.o(i.DMA2_Stream6_IRQHandler)
    i.DMA2_Stream7_IRQHandler                0x080007a4   Section        0  stm32f4xx_it.o(i.DMA2_Stream7_IRQHandler)
    i.DMA_CalcBaseAndBitshift                0x080007b0   Section        0  stm32f4xx_hal_dma.o(i.DMA_CalcBaseAndBitshift)
    DMA_CalcBaseAndBitshift                  0x080007b1   Thumb Code    34  stm32f4xx_hal_dma.o(i.DMA_CalcBaseAndBitshift)
    i.DMA_CheckFifoParam                     0x080007d8   Section        0  stm32f4xx_hal_dma.o(i.DMA_CheckFifoParam)
    DMA_CheckFifoParam                       0x080007d9   Thumb Code    84  stm32f4xx_hal_dma.o(i.DMA_CheckFifoParam)
    i.DMA_SetConfig                          0x0800082c   Section        0  stm32f4xx_hal_dma.o(i.DMA_SetConfig)
    DMA_SetConfig                            0x0800082d   Thumb Code    40  stm32f4xx_hal_dma.o(i.DMA_SetConfig)
    i.DS18B20_Check                          0x08000854   Section        0  ds_18b20.o(i.DS18B20_Check)
    i.DS18B20_Get_Temperature_float          0x080008b4   Section        0  ds_18b20.o(i.DS18B20_Get_Temperature_float)
    i.DS18B20_IO_IN                          0x08000910   Section        0  ds_18b20.o(i.DS18B20_IO_IN)
    i.DS18B20_IO_OUT                         0x08000930   Section        0  ds_18b20.o(i.DS18B20_IO_OUT)
    i.DS18B20_Init                           0x08000954   Section        0  ds_18b20.o(i.DS18B20_Init)
    i.DS18B20_Read_Bit                       0x08000980   Section        0  ds_18b20.o(i.DS18B20_Read_Bit)
    i.DS18B20_Read_Byte                      0x080009d0   Section        0  ds_18b20.o(i.DS18B20_Read_Byte)
    i.DS18B20_Rst                            0x080009f0   Section        0  ds_18b20.o(i.DS18B20_Rst)
    i.DS18B20_Start                          0x08000a28   Section        0  ds_18b20.o(i.DS18B20_Start)
    i.DS18B20_Write_Byte                     0x08000a44   Section        0  ds_18b20.o(i.DS18B20_Write_Byte)
    i.DataFormatting                         0x08000aa8   Section        0  a04_spi.o(i.DataFormatting)
    i.Date_Transmit_All                      0x08000b40   Section        0  a04_spi.o(i.Date_Transmit_All)
    i.DebugMon_Handler                       0x08000bc8   Section        0  stm32f4xx_it.o(i.DebugMon_Handler)
    i.EXTI15_10_IRQHandler                   0x08000bca   Section        0  stm32f4xx_it.o(i.EXTI15_10_IRQHandler)
    i.Error_Handler                          0x08000bd2   Section        0  main.o(i.Error_Handler)
    i.HAL_DMA_Abort                          0x08000bd6   Section        0  stm32f4xx_hal_dma.o(i.HAL_DMA_Abort)
    i.HAL_DMA_Abort_IT                       0x08000c68   Section        0  stm32f4xx_hal_dma.o(i.HAL_DMA_Abort_IT)
    i.HAL_DMA_IRQHandler                     0x08000c8c   Section        0  stm32f4xx_hal_dma.o(i.HAL_DMA_IRQHandler)
    i.HAL_DMA_Init                           0x08000e2c   Section        0  stm32f4xx_hal_dma.o(i.HAL_DMA_Init)
    i.HAL_DMA_Start_IT                       0x08000f00   Section        0  stm32f4xx_hal_dma.o(i.HAL_DMA_Start_IT)
    i.HAL_Delay                              0x08000f70   Section        0  stm32f4xx_hal.o(i.HAL_Delay)
    i.HAL_GPIO_EXTI_Callback                 0x08000f94   Section        0  a04_spi.o(i.HAL_GPIO_EXTI_Callback)
    i.HAL_GPIO_EXTI_IRQHandler               0x08000fd8   Section        0  stm32f4xx_hal_gpio.o(i.HAL_GPIO_EXTI_IRQHandler)
    i.HAL_GPIO_Init                          0x08000ff0   Section        0  stm32f4xx_hal_gpio.o(i.HAL_GPIO_Init)
    i.HAL_GPIO_ReadPin                       0x080011e0   Section        0  stm32f4xx_hal_gpio.o(i.HAL_GPIO_ReadPin)
    i.HAL_GPIO_WritePin                      0x080011ea   Section        0  stm32f4xx_hal_gpio.o(i.HAL_GPIO_WritePin)
    i.HAL_GetTick                            0x080011f4   Section        0  stm32f4xx_hal.o(i.HAL_GetTick)
    i.HAL_IncTick                            0x08001200   Section        0  stm32f4xx_hal.o(i.HAL_IncTick)
    i.HAL_Init                               0x08001210   Section        0  stm32f4xx_hal.o(i.HAL_Init)
    i.HAL_InitTick                           0x08001244   Section        0  stm32f4xx_hal.o(i.HAL_InitTick)
    i.HAL_MspInit                            0x08001284   Section        0  stm32f4xx_hal_msp.o(i.HAL_MspInit)
    i.HAL_NVIC_EnableIRQ                     0x080012b4   Section        0  stm32f4xx_hal_cortex.o(i.HAL_NVIC_EnableIRQ)
    i.HAL_NVIC_SetPriority                   0x080012d0   Section        0  stm32f4xx_hal_cortex.o(i.HAL_NVIC_SetPriority)
    i.HAL_NVIC_SetPriorityGrouping           0x08001310   Section        0  stm32f4xx_hal_cortex.o(i.HAL_NVIC_SetPriorityGrouping)
    i.HAL_RCC_ClockConfig                    0x08001334   Section        0  stm32f4xx_hal_rcc.o(i.HAL_RCC_ClockConfig)
    i.HAL_RCC_GetPCLK1Freq                   0x08001468   Section        0  stm32f4xx_hal_rcc.o(i.HAL_RCC_GetPCLK1Freq)
    i.HAL_RCC_GetPCLK2Freq                   0x08001488   Section        0  stm32f4xx_hal_rcc.o(i.HAL_RCC_GetPCLK2Freq)
    i.HAL_RCC_GetSysClockFreq                0x080014a8   Section        0  stm32f4xx_hal_rcc.o(i.HAL_RCC_GetSysClockFreq)
    i.HAL_RCC_OscConfig                      0x080014f4   Section        0  stm32f4xx_hal_rcc.o(i.HAL_RCC_OscConfig)
    i.HAL_SPI_ErrorCallback                  0x08001860   Section        0  stm32f4xx_hal_spi.o(i.HAL_SPI_ErrorCallback)
    i.HAL_SPI_IRQHandler                     0x08001864   Section        0  stm32f4xx_hal_spi.o(i.HAL_SPI_IRQHandler)
    i.HAL_SPI_Init                           0x08001960   Section        0  stm32f4xx_hal_spi.o(i.HAL_SPI_Init)
    i.HAL_SPI_MspInit                        0x08001a1c   Section        0  spi.o(i.HAL_SPI_MspInit)
    i.HAL_SPI_TransmitReceive                0x08001af8   Section        0  stm32f4xx_hal_spi.o(i.HAL_SPI_TransmitReceive)
    i.HAL_SYSTICK_Config                     0x08001ce8   Section        0  stm32f4xx_hal_cortex.o(i.HAL_SYSTICK_Config)
    i.HAL_TIMEx_BreakCallback                0x08001d10   Section        0  stm32f4xx_hal_tim_ex.o(i.HAL_TIMEx_BreakCallback)
    i.HAL_TIMEx_CommutCallback               0x08001d12   Section        0  stm32f4xx_hal_tim_ex.o(i.HAL_TIMEx_CommutCallback)
    i.HAL_TIMEx_MasterConfigSynchronization  0x08001d14   Section        0  stm32f4xx_hal_tim_ex.o(i.HAL_TIMEx_MasterConfigSynchronization)
    i.HAL_TIM_Base_Init                      0x08001da4   Section        0  stm32f4xx_hal_tim.o(i.HAL_TIM_Base_Init)
    i.HAL_TIM_Base_MspInit                   0x08001e00   Section        0  tim.o(i.HAL_TIM_Base_MspInit)
    i.HAL_TIM_Base_Start_IT                  0x08001e38   Section        0  stm32f4xx_hal_tim.o(i.HAL_TIM_Base_Start_IT)
    i.HAL_TIM_ConfigClockSource              0x08001eb8   Section        0  stm32f4xx_hal_tim.o(i.HAL_TIM_ConfigClockSource)
    i.HAL_TIM_IC_CaptureCallback             0x08001f94   Section        0  stm32f4xx_hal_tim.o(i.HAL_TIM_IC_CaptureCallback)
    i.HAL_TIM_IRQHandler                     0x08001f96   Section        0  stm32f4xx_hal_tim.o(i.HAL_TIM_IRQHandler)
    i.HAL_TIM_OC_DelayElapsedCallback        0x080020c6   Section        0  stm32f4xx_hal_tim.o(i.HAL_TIM_OC_DelayElapsedCallback)
    i.HAL_TIM_PWM_PulseFinishedCallback      0x080020c8   Section        0  stm32f4xx_hal_tim.o(i.HAL_TIM_PWM_PulseFinishedCallback)
    i.HAL_TIM_PeriodElapsedCallback          0x080020ca   Section        0  stm32f4xx_hal_tim.o(i.HAL_TIM_PeriodElapsedCallback)
    i.HAL_TIM_TriggerCallback                0x080020cc   Section        0  stm32f4xx_hal_tim.o(i.HAL_TIM_TriggerCallback)
    i.HAL_UARTEx_RxEventCallback             0x080020ce   Section        0  stm32f4xx_hal_uart.o(i.HAL_UARTEx_RxEventCallback)
    i.HAL_UART_ErrorCallback                 0x080020d0   Section        0  stm32f4xx_hal_uart.o(i.HAL_UART_ErrorCallback)
    i.HAL_UART_IRQHandler                    0x080020d4   Section        0  stm32f4xx_hal_uart.o(i.HAL_UART_IRQHandler)
    i.HAL_UART_Init                          0x08002354   Section        0  stm32f4xx_hal_uart.o(i.HAL_UART_Init)
    i.HAL_UART_MspInit                       0x080023b8   Section        0  usart.o(i.HAL_UART_MspInit)
    i.HAL_UART_Receive_DMA                   0x08002764   Section        0  stm32f4xx_hal_uart.o(i.HAL_UART_Receive_DMA)
    i.HAL_UART_RxCpltCallback                0x08002780   Section        0  a04_spi.o(i.HAL_UART_RxCpltCallback)
    i.HAL_UART_RxHalfCpltCallback            0x08002910   Section        0  stm32f4xx_hal_uart.o(i.HAL_UART_RxHalfCpltCallback)
    i.HAL_UART_Transmit_DMA                  0x08002914   Section        0  stm32f4xx_hal_uart.o(i.HAL_UART_Transmit_DMA)
    i.HAL_UART_TxCpltCallback                0x08002998   Section        0  stm32f4xx_hal_uart.o(i.HAL_UART_TxCpltCallback)
    i.HAL_UART_TxHalfCpltCallback            0x0800299a   Section        0  stm32f4xx_hal_uart.o(i.HAL_UART_TxHalfCpltCallback)
    i.HardFault_Handler                      0x0800299c   Section        0  stm32f4xx_it.o(i.HardFault_Handler)
    i.MX_DMA_Init                            0x080029a0   Section        0  dma.o(i.MX_DMA_Init)
    i.MX_GPIO_Init                           0x08002a6c   Section        0  gpio.o(i.MX_GPIO_Init)
    i.MX_SPI2_Init                           0x08002b7c   Section        0  spi.o(i.MX_SPI2_Init)
    i.MX_TIM2_Init                           0x08002bc4   Section        0  tim.o(i.MX_TIM2_Init)
    i.MX_UART5_Init                          0x08002c28   Section        0  usart.o(i.MX_UART5_Init)
    i.MX_USART1_UART_Init                    0x08002c60   Section        0  usart.o(i.MX_USART1_UART_Init)
    i.MX_USART2_UART_Init                    0x08002c98   Section        0  usart.o(i.MX_USART2_UART_Init)
    i.MX_USART6_UART_Init                    0x08002cd0   Section        0  usart.o(i.MX_USART6_UART_Init)
    i.MemManage_Handler                      0x08002d08   Section        0  stm32f4xx_it.o(i.MemManage_Handler)
    i.NMI_Handler                            0x08002d0a   Section        0  stm32f4xx_it.o(i.NMI_Handler)
    i.PendSV_Handler                         0x08002d0c   Section        0  stm32f4xx_it.o(i.PendSV_Handler)
    i.SPI2_IRQHandler                        0x08002d10   Section        0  stm32f4xx_it.o(i.SPI2_IRQHandler)
    i.SPI_DMAAbortOnError                    0x08002d1c   Section        0  stm32f4xx_hal_spi.o(i.SPI_DMAAbortOnError)
    SPI_DMAAbortOnError                      0x08002d1d   Thumb Code    16  stm32f4xx_hal_spi.o(i.SPI_DMAAbortOnError)
    i.SPI_EndRxTxTransaction                 0x08002d2c   Section        0  stm32f4xx_hal_spi.o(i.SPI_EndRxTxTransaction)
    SPI_EndRxTxTransaction                   0x08002d2d   Thumb Code    98  stm32f4xx_hal_spi.o(i.SPI_EndRxTxTransaction)
    i.SPI_WaitFlagStateUntilTimeout          0x08002d98   Section        0  stm32f4xx_hal_spi.o(i.SPI_WaitFlagStateUntilTimeout)
    SPI_WaitFlagStateUntilTimeout            0x08002d99   Thumb Code   182  stm32f4xx_hal_spi.o(i.SPI_WaitFlagStateUntilTimeout)
    i.SVC_Handler                            0x08002e54   Section        0  stm32f4xx_it.o(i.SVC_Handler)
    i.SysTick_Handler                        0x08002e56   Section        0  stm32f4xx_it.o(i.SysTick_Handler)
    i.SystemClock_Config                     0x08002e5c   Section        0  main.o(i.SystemClock_Config)
    i.SystemInit                             0x08002ef0   Section        0  system_stm32f4xx.o(i.SystemInit)
    i.TIM2_IRQHandler                        0x08002f00   Section        0  stm32f4xx_it.o(i.TIM2_IRQHandler)
    i.TIM_Base_SetConfig                     0x08002f68   Section        0  stm32f4xx_hal_tim.o(i.TIM_Base_SetConfig)
    i.TIM_ETR_SetConfig                      0x08003038   Section        0  stm32f4xx_hal_tim.o(i.TIM_ETR_SetConfig)
    i.TIM_ITRx_SetConfig                     0x0800304c   Section        0  stm32f4xx_hal_tim.o(i.TIM_ITRx_SetConfig)
    TIM_ITRx_SetConfig                       0x0800304d   Thumb Code    16  stm32f4xx_hal_tim.o(i.TIM_ITRx_SetConfig)
    i.TIM_TI1_ConfigInputStage               0x0800305c   Section        0  stm32f4xx_hal_tim.o(i.TIM_TI1_ConfigInputStage)
    TIM_TI1_ConfigInputStage                 0x0800305d   Thumb Code    34  stm32f4xx_hal_tim.o(i.TIM_TI1_ConfigInputStage)
    i.TIM_TI2_ConfigInputStage               0x0800307e   Section        0  stm32f4xx_hal_tim.o(i.TIM_TI2_ConfigInputStage)
    TIM_TI2_ConfigInputStage                 0x0800307f   Thumb Code    36  stm32f4xx_hal_tim.o(i.TIM_TI2_ConfigInputStage)
    i.UART5_IRQHandler                       0x080030a4   Section        0  stm32f4xx_it.o(i.UART5_IRQHandler)
    i.UART_DMAAbortOnError                   0x080030b0   Section        0  stm32f4xx_hal_uart.o(i.UART_DMAAbortOnError)
    UART_DMAAbortOnError                     0x080030b1   Thumb Code    14  stm32f4xx_hal_uart.o(i.UART_DMAAbortOnError)
    i.UART_DMAError                          0x080030be   Section        0  stm32f4xx_hal_uart.o(i.UART_DMAError)
    UART_DMAError                            0x080030bf   Thumb Code    74  stm32f4xx_hal_uart.o(i.UART_DMAError)
    i.UART_DMAReceiveCplt                    0x08003108   Section        0  stm32f4xx_hal_uart.o(i.UART_DMAReceiveCplt)
    UART_DMAReceiveCplt                      0x08003109   Thumb Code   134  stm32f4xx_hal_uart.o(i.UART_DMAReceiveCplt)
    i.UART_DMARxHalfCplt                     0x0800318e   Section        0  stm32f4xx_hal_uart.o(i.UART_DMARxHalfCplt)
    UART_DMARxHalfCplt                       0x0800318f   Thumb Code    30  stm32f4xx_hal_uart.o(i.UART_DMARxHalfCplt)
    i.UART_DMATransmitCplt                   0x080031ac   Section        0  stm32f4xx_hal_uart.o(i.UART_DMATransmitCplt)
    UART_DMATransmitCplt                     0x080031ad   Thumb Code    66  stm32f4xx_hal_uart.o(i.UART_DMATransmitCplt)
    i.UART_DMATxHalfCplt                     0x080031ee   Section        0  stm32f4xx_hal_uart.o(i.UART_DMATxHalfCplt)
    UART_DMATxHalfCplt                       0x080031ef   Thumb Code    10  stm32f4xx_hal_uart.o(i.UART_DMATxHalfCplt)
    i.UART_EndRxTransfer                     0x080031f8   Section        0  stm32f4xx_hal_uart.o(i.UART_EndRxTransfer)
    UART_EndRxTransfer                       0x080031f9   Thumb Code    78  stm32f4xx_hal_uart.o(i.UART_EndRxTransfer)
    i.UART_EndTxTransfer                     0x08003246   Section        0  stm32f4xx_hal_uart.o(i.UART_EndTxTransfer)
    UART_EndTxTransfer                       0x08003247   Thumb Code    28  stm32f4xx_hal_uart.o(i.UART_EndTxTransfer)
    i.UART_Receive_IT                        0x08003262   Section        0  stm32f4xx_hal_uart.o(i.UART_Receive_IT)
    UART_Receive_IT                          0x08003263   Thumb Code   194  stm32f4xx_hal_uart.o(i.UART_Receive_IT)
    i.UART_SetConfig                         0x08003324   Section        0  stm32f4xx_hal_uart.o(i.UART_SetConfig)
    UART_SetConfig                           0x08003325   Thumb Code   258  stm32f4xx_hal_uart.o(i.UART_SetConfig)
    i.UART_Start_Receive_DMA                 0x08003430   Section        0  stm32f4xx_hal_uart.o(i.UART_Start_Receive_DMA)
    i.USART1_IRQHandler                      0x080034d0   Section        0  stm32f4xx_it.o(i.USART1_IRQHandler)
    i.USART2_IRQHandler                      0x080034e8   Section        0  stm32f4xx_it.o(i.USART2_IRQHandler)
    i.USART6_IRQHandler                      0x08003500   Section        0  stm32f4xx_it.o(i.USART6_IRQHandler)
    i.UsageFault_Handler                     0x08003518   Section        0  stm32f4xx_it.o(i.UsageFault_Handler)
    i.__NVIC_SetPriority                     0x0800351a   Section        0  stm32f4xx_hal_cortex.o(i.__NVIC_SetPriority)
    __NVIC_SetPriority                       0x0800351b   Thumb Code    32  stm32f4xx_hal_cortex.o(i.__NVIC_SetPriority)
    i.calculate_checksum                     0x0800353a   Section        0  a04_spi.o(i.calculate_checksum)
    i.delay_us                               0x08003590   Section        0  hal_delay.o(i.delay_us)
    i.main                                   0x080035e0   Section        0  main.o(i.main)
    x$fpl$d2f                                0x08003660   Section       98  d2f.o(x$fpl$d2f)
    $v0                                      0x08003660   Number         0  d2f.o(x$fpl$d2f)
    x$fpl$ddiv                               0x080036c4   Section      688  ddiv.o(x$fpl$ddiv)
    $v0                                      0x080036c4   Number         0  ddiv.o(x$fpl$ddiv)
    ddiv_entry                               0x080036cb   Thumb Code     0  ddiv.o(x$fpl$ddiv)
    x$fpl$dfix                               0x08003974   Section       94  dfix.o(x$fpl$dfix)
    $v0                                      0x08003974   Number         0  dfix.o(x$fpl$dfix)
    x$fpl$dflt                               0x080039d2   Section       46  dflt_clz.o(x$fpl$dflt)
    $v0                                      0x080039d2   Number         0  dflt_clz.o(x$fpl$dflt)
    x$fpl$dfltu                              0x08003a00   Section       38  dflt_clz.o(x$fpl$dfltu)
    $v0                                      0x08003a00   Number         0  dflt_clz.o(x$fpl$dfltu)
    x$fpl$dmul                               0x08003a28   Section      340  dmul.o(x$fpl$dmul)
    $v0                                      0x08003a28   Number         0  dmul.o(x$fpl$dmul)
    x$fpl$dnaninf                            0x08003b7c   Section      156  dnaninf.o(x$fpl$dnaninf)
    $v0                                      0x08003b7c   Number         0  dnaninf.o(x$fpl$dnaninf)
    x$fpl$dretinf                            0x08003c18   Section       12  dretinf.o(x$fpl$dretinf)
    $v0                                      0x08003c18   Number         0  dretinf.o(x$fpl$dretinf)
    x$fpl$fpinit                             0x08003c24   Section       10  fpinit.o(x$fpl$fpinit)
    $v0                                      0x08003c24   Number         0  fpinit.o(x$fpl$fpinit)
    x$fpl$fretinf                            0x08003c2e   Section       10  fretinf.o(x$fpl$fretinf)
    $v0                                      0x08003c2e   Number         0  fretinf.o(x$fpl$fretinf)
    .constdata                               0x08003c38   Section        8  stm32f4xx_hal_dma.o(.constdata)
    x$fpl$usenofp                            0x08003c38   Section        0  usenofp.o(x$fpl$usenofp)
    flagBitshiftOffset                       0x08003c38   Data           8  stm32f4xx_hal_dma.o(.constdata)
    .constdata                               0x08003c40   Section       16  system_stm32f4xx.o(.constdata)
    .constdata                               0x08003c50   Section        8  system_stm32f4xx.o(.constdata)
    .data                                    0x20000000   Section        4  main.o(.data)
    .data                                    0x20000004   Section       12  stm32f4xx_it.o(.data)
    .data                                    0x20000010   Section       12  stm32f4xx_hal.o(.data)
    .data                                    0x2000001c   Section        4  system_stm32f4xx.o(.data)
    .data                                    0x20000020   Section       52  a04_spi.o(.data)
    iTemp                                    0x20000048   Data           4  a04_spi.o(.data)
    .bss                                     0x20000054   Section       30  main.o(.bss)
    .bss                                     0x20000074   Section      280  spi.o(.bss)
    .bss                                     0x2000018c   Section       72  tim.o(.bss)
    .bss                                     0x200001d4   Section     1056  usart.o(.bss)
    .bss                                     0x200005f4   Section      209  a04_spi.o(.bss)
    .bss                                     0x200006c8   Section       96  libspace.o(.bss)
    HEAP                                     0x20000728   Section      512  startup_stm32f405xx.o(HEAP)
    Heap_Mem                                 0x20000728   Data         512  startup_stm32f405xx.o(HEAP)
    STACK                                    0x20000928   Section     1024  startup_stm32f405xx.o(STACK)
    Stack_Mem                                0x20000928   Data        1024  startup_stm32f405xx.o(STACK)
    __initial_sp                             0x20000d28   Data           0  startup_stm32f405xx.o(STACK)

    Global Symbols

    Symbol Name                              Value     Ov Type        Size  Object(Section)

    BuildAttributes$$THM_ISAv4$E$P$D$K$B$S$7EM$VFPi3$EXTD16$VFPS$VFMA$PE$A:L22UL41UL21$X:L11$S22US41US21$IEEE1$IW$USESV6$~STKCKD$USESV7$~SHL$OSPACE$ROPI$EBA8$UX$STANDARDLIB$REQ8$PRES8$EABIv2 0x00000000   Number         0  anon$$obj.o ABSOLUTE
    __ARM_use_no_argv                        0x00000000   Number         0  main.o ABSOLUTE
    __ARM_exceptions_init                     - Undefined Weak Reference
    __alloca_initialize                       - Undefined Weak Reference
    __arm_preinit_                            - Undefined Weak Reference
    __cpp_initialize__aeabi_                  - Undefined Weak Reference
    __cxa_finalize                            - Undefined Weak Reference
    __rt_locale                               - Undefined Weak Reference
    __sigvec_lookup                           - Undefined Weak Reference
    _atexit_init                              - Undefined Weak Reference
    _call_atexit_fns                          - Undefined Weak Reference
    _clock_init                               - Undefined Weak Reference
    _fp_trap_init                             - Undefined Weak Reference
    _fp_trap_shutdown                         - Undefined Weak Reference
    _get_lc_collate                           - Undefined Weak Reference
    _get_lc_ctype                             - Undefined Weak Reference
    _get_lc_monetary                          - Undefined Weak Reference
    _get_lc_numeric                           - Undefined Weak Reference
    _get_lc_time                              - Undefined Weak Reference
    _getenv_init                              - Undefined Weak Reference
    _handle_redirection                       - Undefined Weak Reference
    _init_alloc                               - Undefined Weak Reference
    _init_user_alloc                          - Undefined Weak Reference
    _initio                                   - Undefined Weak Reference
    _rand_init                                - Undefined Weak Reference
    _signal_finish                            - Undefined Weak Reference
    _signal_init                              - Undefined Weak Reference
    _terminate_alloc                          - Undefined Weak Reference
    _terminate_user_alloc                     - Undefined Weak Reference
    _terminateio                              - Undefined Weak Reference
    __Vectors_Size                           0x00000188   Number         0  startup_stm32f405xx.o ABSOLUTE
    __Vectors                                0x08000000   Data           4  startup_stm32f405xx.o(RESET)
    __Vectors_End                            0x08000188   Data           0  startup_stm32f405xx.o(RESET)
    __main                                   0x08000189   Thumb Code     8  __main.o(!!!main)
    __scatterload                            0x08000191   Thumb Code     0  __scatter.o(!!!scatter)
    __scatterload_rt2                        0x08000191   Thumb Code    44  __scatter.o(!!!scatter)
    __scatterload_rt2_thumb_only             0x08000191   Thumb Code     0  __scatter.o(!!!scatter)
    __scatterload_null                       0x0800019f   Thumb Code     0  __scatter.o(!!!scatter)
    __scatterload_copy                       0x080001c5   Thumb Code    26  __scatter_copy.o(!!handler_copy)
    __scatterload_zeroinit                   0x080001e1   Thumb Code    28  __scatter_zi.o(!!handler_zi)
    __rt_lib_init                            0x080001fd   Thumb Code     0  libinit.o(.ARM.Collect$$libinit$$00000000)
    __rt_lib_init_fp_1                       0x080001ff   Thumb Code     0  libinit2.o(.ARM.Collect$$libinit$$00000001)
    __rt_lib_init_alloca_1                   0x08000203   Thumb Code     0  libinit2.o(.ARM.Collect$$libinit$$0000002E)
    __rt_lib_init_argv_1                     0x08000203   Thumb Code     0  libinit2.o(.ARM.Collect$$libinit$$0000002C)
    __rt_lib_init_atexit_1                   0x08000203   Thumb Code     0  libinit2.o(.ARM.Collect$$libinit$$0000001B)
    __rt_lib_init_clock_1                    0x08000203   Thumb Code     0  libinit2.o(.ARM.Collect$$libinit$$00000021)
    __rt_lib_init_cpp_1                      0x08000203   Thumb Code     0  libinit2.o(.ARM.Collect$$libinit$$00000032)
    __rt_lib_init_exceptions_1               0x08000203   Thumb Code     0  libinit2.o(.ARM.Collect$$libinit$$00000030)
    __rt_lib_init_fp_trap_1                  0x08000203   Thumb Code     0  libinit2.o(.ARM.Collect$$libinit$$0000001F)
    __rt_lib_init_getenv_1                   0x08000203   Thumb Code     0  libinit2.o(.ARM.Collect$$libinit$$00000023)
    __rt_lib_init_heap_1                     0x08000203   Thumb Code     0  libinit2.o(.ARM.Collect$$libinit$$0000000A)
    __rt_lib_init_lc_collate_1               0x08000203   Thumb Code     0  libinit2.o(.ARM.Collect$$libinit$$00000011)
    __rt_lib_init_lc_ctype_1                 0x08000203   Thumb Code     0  libinit2.o(.ARM.Collect$$libinit$$00000013)
    __rt_lib_init_lc_monetary_1              0x08000203   Thumb Code     0  libinit2.o(.ARM.Collect$$libinit$$00000015)
    __rt_lib_init_lc_numeric_1               0x08000203   Thumb Code     0  libinit2.o(.ARM.Collect$$libinit$$00000017)
    __rt_lib_init_lc_time_1                  0x08000203   Thumb Code     0  libinit2.o(.ARM.Collect$$libinit$$00000019)
    __rt_lib_init_preinit_1                  0x08000203   Thumb Code     0  libinit2.o(.ARM.Collect$$libinit$$00000004)
    __rt_lib_init_rand_1                     0x08000203   Thumb Code     0  libinit2.o(.ARM.Collect$$libinit$$0000000E)
    __rt_lib_init_return                     0x08000203   Thumb Code     0  libinit2.o(.ARM.Collect$$libinit$$00000033)
    __rt_lib_init_signal_1                   0x08000203   Thumb Code     0  libinit2.o(.ARM.Collect$$libinit$$0000001D)
    __rt_lib_init_stdio_1                    0x08000203   Thumb Code     0  libinit2.o(.ARM.Collect$$libinit$$00000025)
    __rt_lib_init_user_alloc_1               0x08000203   Thumb Code     0  libinit2.o(.ARM.Collect$$libinit$$0000000C)
    __rt_lib_shutdown                        0x08000205   Thumb Code     0  libshutdown.o(.ARM.Collect$$libshutdown$$00000000)
    __rt_lib_shutdown_cpp_1                  0x08000207   Thumb Code     0  libshutdown2.o(.ARM.Collect$$libshutdown$$00000002)
    __rt_lib_shutdown_fp_trap_1              0x08000207   Thumb Code     0  libshutdown2.o(.ARM.Collect$$libshutdown$$00000007)
    __rt_lib_shutdown_heap_1                 0x08000207   Thumb Code     0  libshutdown2.o(.ARM.Collect$$libshutdown$$0000000F)
    __rt_lib_shutdown_return                 0x08000207   Thumb Code     0  libshutdown2.o(.ARM.Collect$$libshutdown$$00000010)
    __rt_lib_shutdown_signal_1               0x08000207   Thumb Code     0  libshutdown2.o(.ARM.Collect$$libshutdown$$0000000A)
    __rt_lib_shutdown_stdio_1                0x08000207   Thumb Code     0  libshutdown2.o(.ARM.Collect$$libshutdown$$00000004)
    __rt_lib_shutdown_user_alloc_1           0x08000207   Thumb Code     0  libshutdown2.o(.ARM.Collect$$libshutdown$$0000000C)
    __rt_entry                               0x08000209   Thumb Code     0  __rtentry.o(.ARM.Collect$$rtentry$$00000000)
    __rt_entry_presh_1                       0x08000209   Thumb Code     0  __rtentry2.o(.ARM.Collect$$rtentry$$00000002)
    __rt_entry_sh                            0x08000209   Thumb Code     0  __rtentry4.o(.ARM.Collect$$rtentry$$00000004)
    __rt_entry_li                            0x0800020f   Thumb Code     0  __rtentry2.o(.ARM.Collect$$rtentry$$0000000A)
    __rt_entry_postsh_1                      0x0800020f   Thumb Code     0  __rtentry2.o(.ARM.Collect$$rtentry$$00000009)
    __rt_entry_main                          0x08000213   Thumb Code     0  __rtentry2.o(.ARM.Collect$$rtentry$$0000000D)
    __rt_entry_postli_1                      0x08000213   Thumb Code     0  __rtentry2.o(.ARM.Collect$$rtentry$$0000000C)
    __rt_exit                                0x0800021b   Thumb Code     0  rtexit.o(.ARM.Collect$$rtexit$$00000000)
    __rt_exit_ls                             0x0800021d   Thumb Code     0  rtexit2.o(.ARM.Collect$$rtexit$$00000003)
    __rt_exit_prels_1                        0x0800021d   Thumb Code     0  rtexit2.o(.ARM.Collect$$rtexit$$00000002)
    __rt_exit_exit                           0x08000221   Thumb Code     0  rtexit2.o(.ARM.Collect$$rtexit$$00000004)
    Reset_Handler                            0x08000229   Thumb Code     8  startup_stm32f405xx.o(.text)
    ADC_IRQHandler                           0x08000243   Thumb Code     0  startup_stm32f405xx.o(.text)
    CAN1_RX0_IRQHandler                      0x08000243   Thumb Code     0  startup_stm32f405xx.o(.text)
    CAN1_RX1_IRQHandler                      0x08000243   Thumb Code     0  startup_stm32f405xx.o(.text)
    CAN1_SCE_IRQHandler                      0x08000243   Thumb Code     0  startup_stm32f405xx.o(.text)
    CAN1_TX_IRQHandler                       0x08000243   Thumb Code     0  startup_stm32f405xx.o(.text)
    CAN2_RX0_IRQHandler                      0x08000243   Thumb Code     0  startup_stm32f405xx.o(.text)
    CAN2_RX1_IRQHandler                      0x08000243   Thumb Code     0  startup_stm32f405xx.o(.text)
    CAN2_SCE_IRQHandler                      0x08000243   Thumb Code     0  startup_stm32f405xx.o(.text)
    CAN2_TX_IRQHandler                       0x08000243   Thumb Code     0  startup_stm32f405xx.o(.text)
    DMA1_Stream1_IRQHandler                  0x08000243   Thumb Code     0  startup_stm32f405xx.o(.text)
    DMA1_Stream2_IRQHandler                  0x08000243   Thumb Code     0  startup_stm32f405xx.o(.text)
    DMA2_Stream0_IRQHandler                  0x08000243   Thumb Code     0  startup_stm32f405xx.o(.text)
    DMA2_Stream3_IRQHandler                  0x08000243   Thumb Code     0  startup_stm32f405xx.o(.text)
    DMA2_Stream4_IRQHandler                  0x08000243   Thumb Code     0  startup_stm32f405xx.o(.text)
    DMA2_Stream5_IRQHandler                  0x08000243   Thumb Code     0  startup_stm32f405xx.o(.text)
    EXTI0_IRQHandler                         0x08000243   Thumb Code     0  startup_stm32f405xx.o(.text)
    EXTI1_IRQHandler                         0x08000243   Thumb Code     0  startup_stm32f405xx.o(.text)
    EXTI2_IRQHandler                         0x08000243   Thumb Code     0  startup_stm32f405xx.o(.text)
    EXTI3_IRQHandler                         0x08000243   Thumb Code     0  startup_stm32f405xx.o(.text)
    EXTI4_IRQHandler                         0x08000243   Thumb Code     0  startup_stm32f405xx.o(.text)
    EXTI9_5_IRQHandler                       0x08000243   Thumb Code     0  startup_stm32f405xx.o(.text)
    FLASH_IRQHandler                         0x08000243   Thumb Code     0  startup_stm32f405xx.o(.text)
    FMC_IRQHandler                           0x08000243   Thumb Code     0  startup_stm32f405xx.o(.text)
    FPU_IRQHandler                           0x08000243   Thumb Code     0  startup_stm32f405xx.o(.text)
    HASH_RNG_IRQHandler                      0x08000243   Thumb Code     0  startup_stm32f405xx.o(.text)
    I2C1_ER_IRQHandler                       0x08000243   Thumb Code     0  startup_stm32f405xx.o(.text)
    I2C1_EV_IRQHandler                       0x08000243   Thumb Code     0  startup_stm32f405xx.o(.text)
    I2C2_ER_IRQHandler                       0x08000243   Thumb Code     0  startup_stm32f405xx.o(.text)
    I2C2_EV_IRQHandler                       0x08000243   Thumb Code     0  startup_stm32f405xx.o(.text)
    I2C3_ER_IRQHandler                       0x08000243   Thumb Code     0  startup_stm32f405xx.o(.text)
    I2C3_EV_IRQHandler                       0x08000243   Thumb Code     0  startup_stm32f405xx.o(.text)
    OTG_FS_IRQHandler                        0x08000243   Thumb Code     0  startup_stm32f405xx.o(.text)
    OTG_FS_WKUP_IRQHandler                   0x08000243   Thumb Code     0  startup_stm32f405xx.o(.text)
    OTG_HS_EP1_IN_IRQHandler                 0x08000243   Thumb Code     0  startup_stm32f405xx.o(.text)
    OTG_HS_EP1_OUT_IRQHandler                0x08000243   Thumb Code     0  startup_stm32f405xx.o(.text)
    OTG_HS_IRQHandler                        0x08000243   Thumb Code     0  startup_stm32f405xx.o(.text)
    OTG_HS_WKUP_IRQHandler                   0x08000243   Thumb Code     0  startup_stm32f405xx.o(.text)
    PVD_IRQHandler                           0x08000243   Thumb Code     0  startup_stm32f405xx.o(.text)
    RCC_IRQHandler                           0x08000243   Thumb Code     0  startup_stm32f405xx.o(.text)
    RTC_Alarm_IRQHandler                     0x08000243   Thumb Code     0  startup_stm32f405xx.o(.text)
    RTC_WKUP_IRQHandler                      0x08000243   Thumb Code     0  startup_stm32f405xx.o(.text)
    SDIO_IRQHandler                          0x08000243   Thumb Code     0  startup_stm32f405xx.o(.text)
    SPI1_IRQHandler                          0x08000243   Thumb Code     0  startup_stm32f405xx.o(.text)
    SPI3_IRQHandler                          0x08000243   Thumb Code     0  startup_stm32f405xx.o(.text)
    TAMP_STAMP_IRQHandler                    0x08000243   Thumb Code     0  startup_stm32f405xx.o(.text)
    TIM1_BRK_TIM9_IRQHandler                 0x08000243   Thumb Code     0  startup_stm32f405xx.o(.text)
    TIM1_CC_IRQHandler                       0x08000243   Thumb Code     0  startup_stm32f405xx.o(.text)
    TIM1_TRG_COM_TIM11_IRQHandler            0x08000243   Thumb Code     0  startup_stm32f405xx.o(.text)
    TIM1_UP_TIM10_IRQHandler                 0x08000243   Thumb Code     0  startup_stm32f405xx.o(.text)
    TIM3_IRQHandler                          0x08000243   Thumb Code     0  startup_stm32f405xx.o(.text)
    TIM4_IRQHandler                          0x08000243   Thumb Code     0  startup_stm32f405xx.o(.text)
    TIM5_IRQHandler                          0x08000243   Thumb Code     0  startup_stm32f405xx.o(.text)
    TIM6_DAC_IRQHandler                      0x08000243   Thumb Code     0  startup_stm32f405xx.o(.text)
    TIM7_IRQHandler                          0x08000243   Thumb Code     0  startup_stm32f405xx.o(.text)
    TIM8_BRK_TIM12_IRQHandler                0x08000243   Thumb Code     0  startup_stm32f405xx.o(.text)
    TIM8_CC_IRQHandler                       0x08000243   Thumb Code     0  startup_stm32f405xx.o(.text)
    TIM8_TRG_COM_TIM14_IRQHandler            0x08000243   Thumb Code     0  startup_stm32f405xx.o(.text)
    TIM8_UP_TIM13_IRQHandler                 0x08000243   Thumb Code     0  startup_stm32f405xx.o(.text)
    UART4_IRQHandler                         0x08000243   Thumb Code     0  startup_stm32f405xx.o(.text)
    USART3_IRQHandler                        0x08000243   Thumb Code     0  startup_stm32f405xx.o(.text)
    WWDG_IRQHandler                          0x08000243   Thumb Code     0  startup_stm32f405xx.o(.text)
    __user_initial_stackheap                 0x08000245   Thumb Code     0  startup_stm32f405xx.o(.text)
    __aeabi_uldivmod                         0x08000269   Thumb Code     0  lludivv7m.o(.text)
    _ll_udiv                                 0x08000269   Thumb Code   238  lludivv7m.o(.text)
    __aeabi_memcpy4                          0x08000357   Thumb Code     0  rt_memcpy_w.o(.text)
    __aeabi_memcpy8                          0x08000357   Thumb Code     0  rt_memcpy_w.o(.text)
    __rt_memcpy_w                            0x08000357   Thumb Code   100  rt_memcpy_w.o(.text)
    _memcpy_lastbytes_aligned                0x0800039f   Thumb Code     0  rt_memcpy_w.o(.text)
    __aeabi_memclr4                          0x080003bb   Thumb Code     0  rt_memclr_w.o(.text)
    __aeabi_memclr8                          0x080003bb   Thumb Code     0  rt_memclr_w.o(.text)
    __rt_memclr_w                            0x080003bb   Thumb Code    78  rt_memclr_w.o(.text)
    _memset_w                                0x080003bf   Thumb Code     0  rt_memclr_w.o(.text)
    __use_two_region_memory                  0x08000409   Thumb Code     2  heapauxi.o(.text)
    __rt_heap_escrow$2region                 0x0800040b   Thumb Code     2  heapauxi.o(.text)
    __rt_heap_expand$2region                 0x0800040d   Thumb Code     2  heapauxi.o(.text)
    __user_setup_stackheap                   0x0800040f   Thumb Code    74  sys_stackheap_outer.o(.text)
    exit                                     0x08000459   Thumb Code    18  exit.o(.text)
    __user_libspace                          0x0800046d   Thumb Code     8  libspace.o(.text)
    __user_perproc_libspace                  0x0800046d   Thumb Code     0  libspace.o(.text)
    __user_perthread_libspace                0x0800046d   Thumb Code     0  libspace.o(.text)
    _sys_exit                                0x08000475   Thumb Code     8  sys_exit.o(.text)
    __I$use$semihosting                      0x08000481   Thumb Code     0  use_no_semi.o(.text)
    __use_no_semihosting_swi                 0x08000481   Thumb Code     2  use_no_semi.o(.text)
    __semihosting_library_function           0x08000483   Thumb Code     0  indicate_semi.o(.text)
    ADS131A04_Init                           0x08000485   Thumb Code   168  a04_spi.o(i.ADS131A04_Init)
    ADS131A04_Reset                          0x08000531   Thumb Code    40  a04_spi.o(i.ADS131A04_Reset)
    ADS131A0xGetChannels                     0x0800055d   Thumb Code   316  a04_spi.o(i.ADS131A0xGetChannels)
    ADS131A0xSendCmd                         0x080006b1   Thumb Code    40  a04_spi.o(i.ADS131A0xSendCmd)
    ADS131A0xSetCS                           0x080006dd   Thumb Code    26  a04_spi.o(i.ADS131A0xSetCS)
    ADS131A0xWriteRegister                   0x080006fd   Thumb Code    12  a04_spi.o(i.ADS131A0xWriteRegister)
    ADS131A0xXferWord                        0x08000709   Thumb Code    38  a04_spi.o(i.ADS131A0xXferWord)
    BusFault_Handler                         0x08000735   Thumb Code     2  stm32f4xx_it.o(i.BusFault_Handler)
    DMA1_Stream0_IRQHandler                  0x08000739   Thumb Code     6  stm32f4xx_it.o(i.DMA1_Stream0_IRQHandler)
    DMA1_Stream3_IRQHandler                  0x08000745   Thumb Code     6  stm32f4xx_it.o(i.DMA1_Stream3_IRQHandler)
    DMA1_Stream4_IRQHandler                  0x08000751   Thumb Code     6  stm32f4xx_it.o(i.DMA1_Stream4_IRQHandler)
    DMA1_Stream5_IRQHandler                  0x0800075d   Thumb Code     6  stm32f4xx_it.o(i.DMA1_Stream5_IRQHandler)
    DMA1_Stream6_IRQHandler                  0x08000769   Thumb Code     6  stm32f4xx_it.o(i.DMA1_Stream6_IRQHandler)
    DMA1_Stream7_IRQHandler                  0x08000775   Thumb Code     6  stm32f4xx_it.o(i.DMA1_Stream7_IRQHandler)
    DMA2_Stream1_IRQHandler                  0x08000781   Thumb Code     6  stm32f4xx_it.o(i.DMA2_Stream1_IRQHandler)
    DMA2_Stream2_IRQHandler                  0x0800078d   Thumb Code     6  stm32f4xx_it.o(i.DMA2_Stream2_IRQHandler)
    DMA2_Stream6_IRQHandler                  0x08000799   Thumb Code     6  stm32f4xx_it.o(i.DMA2_Stream6_IRQHandler)
    DMA2_Stream7_IRQHandler                  0x080007a5   Thumb Code     6  stm32f4xx_it.o(i.DMA2_Stream7_IRQHandler)
    DS18B20_Check                            0x08000855   Thumb Code    92  ds_18b20.o(i.DS18B20_Check)
    DS18B20_Get_Temperature_float            0x080008b5   Thumb Code    84  ds_18b20.o(i.DS18B20_Get_Temperature_float)
    DS18B20_IO_IN                            0x08000911   Thumb Code    26  ds_18b20.o(i.DS18B20_IO_IN)
    DS18B20_IO_OUT                           0x08000931   Thumb Code    30  ds_18b20.o(i.DS18B20_IO_OUT)
    DS18B20_Init                             0x08000955   Thumb Code    40  ds_18b20.o(i.DS18B20_Init)
    DS18B20_Read_Bit                         0x08000981   Thumb Code    74  ds_18b20.o(i.DS18B20_Read_Bit)
    DS18B20_Read_Byte                        0x080009d1   Thumb Code    32  ds_18b20.o(i.DS18B20_Read_Byte)
    DS18B20_Rst                              0x080009f1   Thumb Code    50  ds_18b20.o(i.DS18B20_Rst)
    DS18B20_Start                            0x08000a29   Thumb Code    26  ds_18b20.o(i.DS18B20_Start)
    DS18B20_Write_Byte                       0x08000a45   Thumb Code    96  ds_18b20.o(i.DS18B20_Write_Byte)
    DataFormatting                           0x08000aa9   Thumb Code   134  a04_spi.o(i.DataFormatting)
    Date_Transmit_All                        0x08000b41   Thumb Code   122  a04_spi.o(i.Date_Transmit_All)
    DebugMon_Handler                         0x08000bc9   Thumb Code     2  stm32f4xx_it.o(i.DebugMon_Handler)
    EXTI15_10_IRQHandler                     0x08000bcb   Thumb Code     8  stm32f4xx_it.o(i.EXTI15_10_IRQHandler)
    Error_Handler                            0x08000bd3   Thumb Code     4  main.o(i.Error_Handler)
    HAL_DMA_Abort                            0x08000bd7   Thumb Code   146  stm32f4xx_hal_dma.o(i.HAL_DMA_Abort)
    HAL_DMA_Abort_IT                         0x08000c69   Thumb Code    36  stm32f4xx_hal_dma.o(i.HAL_DMA_Abort_IT)
    HAL_DMA_IRQHandler                       0x08000c8d   Thumb Code   412  stm32f4xx_hal_dma.o(i.HAL_DMA_IRQHandler)
    HAL_DMA_Init                             0x08000e2d   Thumb Code   206  stm32f4xx_hal_dma.o(i.HAL_DMA_Init)
    HAL_DMA_Start_IT                         0x08000f01   Thumb Code   110  stm32f4xx_hal_dma.o(i.HAL_DMA_Start_IT)
    HAL_Delay                                0x08000f71   Thumb Code    32  stm32f4xx_hal.o(i.HAL_Delay)
    HAL_GPIO_EXTI_Callback                   0x08000f95   Thumb Code    56  a04_spi.o(i.HAL_GPIO_EXTI_Callback)
    HAL_GPIO_EXTI_IRQHandler                 0x08000fd9   Thumb Code    18  stm32f4xx_hal_gpio.o(i.HAL_GPIO_EXTI_IRQHandler)
    HAL_GPIO_Init                            0x08000ff1   Thumb Code   450  stm32f4xx_hal_gpio.o(i.HAL_GPIO_Init)
    HAL_GPIO_ReadPin                         0x080011e1   Thumb Code    10  stm32f4xx_hal_gpio.o(i.HAL_GPIO_ReadPin)
    HAL_GPIO_WritePin                        0x080011eb   Thumb Code    10  stm32f4xx_hal_gpio.o(i.HAL_GPIO_WritePin)
    HAL_GetTick                              0x080011f5   Thumb Code     6  stm32f4xx_hal.o(i.HAL_GetTick)
    HAL_IncTick                              0x08001201   Thumb Code    12  stm32f4xx_hal.o(i.HAL_IncTick)
    HAL_Init                                 0x08001211   Thumb Code    48  stm32f4xx_hal.o(i.HAL_Init)
    HAL_InitTick                             0x08001245   Thumb Code    54  stm32f4xx_hal.o(i.HAL_InitTick)
    HAL_MspInit                              0x08001285   Thumb Code    42  stm32f4xx_hal_msp.o(i.HAL_MspInit)
    HAL_NVIC_EnableIRQ                       0x080012b5   Thumb Code    26  stm32f4xx_hal_cortex.o(i.HAL_NVIC_EnableIRQ)
    HAL_NVIC_SetPriority                     0x080012d1   Thumb Code    60  stm32f4xx_hal_cortex.o(i.HAL_NVIC_SetPriority)
    HAL_NVIC_SetPriorityGrouping             0x08001311   Thumb Code    26  stm32f4xx_hal_cortex.o(i.HAL_NVIC_SetPriorityGrouping)
    HAL_RCC_ClockConfig                      0x08001335   Thumb Code   288  stm32f4xx_hal_rcc.o(i.HAL_RCC_ClockConfig)
    HAL_RCC_GetPCLK1Freq                     0x08001469   Thumb Code    20  stm32f4xx_hal_rcc.o(i.HAL_RCC_GetPCLK1Freq)
    HAL_RCC_GetPCLK2Freq                     0x08001489   Thumb Code    20  stm32f4xx_hal_rcc.o(i.HAL_RCC_GetPCLK2Freq)
    HAL_RCC_GetSysClockFreq                  0x080014a9   Thumb Code    66  stm32f4xx_hal_rcc.o(i.HAL_RCC_GetSysClockFreq)
    HAL_RCC_OscConfig                        0x080014f5   Thumb Code   856  stm32f4xx_hal_rcc.o(i.HAL_RCC_OscConfig)
    HAL_SPI_ErrorCallback                    0x08001861   Thumb Code     2  stm32f4xx_hal_spi.o(i.HAL_SPI_ErrorCallback)
    HAL_SPI_IRQHandler                       0x08001865   Thumb Code   246  stm32f4xx_hal_spi.o(i.HAL_SPI_IRQHandler)
    HAL_SPI_Init                             0x08001961   Thumb Code   188  stm32f4xx_hal_spi.o(i.HAL_SPI_Init)
    HAL_SPI_MspInit                          0x08001a1d   Thumb Code   198  spi.o(i.HAL_SPI_MspInit)
    HAL_SPI_TransmitReceive                  0x08001af9   Thumb Code   496  stm32f4xx_hal_spi.o(i.HAL_SPI_TransmitReceive)
    HAL_SYSTICK_Config                       0x08001ce9   Thumb Code    40  stm32f4xx_hal_cortex.o(i.HAL_SYSTICK_Config)
    HAL_TIMEx_BreakCallback                  0x08001d11   Thumb Code     2  stm32f4xx_hal_tim_ex.o(i.HAL_TIMEx_BreakCallback)
    HAL_TIMEx_CommutCallback                 0x08001d13   Thumb Code     2  stm32f4xx_hal_tim_ex.o(i.HAL_TIMEx_CommutCallback)
    HAL_TIMEx_MasterConfigSynchronization    0x08001d15   Thumb Code   116  stm32f4xx_hal_tim_ex.o(i.HAL_TIMEx_MasterConfigSynchronization)
    HAL_TIM_Base_Init                        0x08001da5   Thumb Code    90  stm32f4xx_hal_tim.o(i.HAL_TIM_Base_Init)
    HAL_TIM_Base_MspInit                     0x08001e01   Thumb Code    50  tim.o(i.HAL_TIM_Base_MspInit)
    HAL_TIM_Base_Start_IT                    0x08001e39   Thumb Code   100  stm32f4xx_hal_tim.o(i.HAL_TIM_Base_Start_IT)
    HAL_TIM_ConfigClockSource                0x08001eb9   Thumb Code   220  stm32f4xx_hal_tim.o(i.HAL_TIM_ConfigClockSource)
    HAL_TIM_IC_CaptureCallback               0x08001f95   Thumb Code     2  stm32f4xx_hal_tim.o(i.HAL_TIM_IC_CaptureCallback)
    HAL_TIM_IRQHandler                       0x08001f97   Thumb Code   304  stm32f4xx_hal_tim.o(i.HAL_TIM_IRQHandler)
    HAL_TIM_OC_DelayElapsedCallback          0x080020c7   Thumb Code     2  stm32f4xx_hal_tim.o(i.HAL_TIM_OC_DelayElapsedCallback)
    HAL_TIM_PWM_PulseFinishedCallback        0x080020c9   Thumb Code     2  stm32f4xx_hal_tim.o(i.HAL_TIM_PWM_PulseFinishedCallback)
    HAL_TIM_PeriodElapsedCallback            0x080020cb   Thumb Code     2  stm32f4xx_hal_tim.o(i.HAL_TIM_PeriodElapsedCallback)
    HAL_TIM_TriggerCallback                  0x080020cd   Thumb Code     2  stm32f4xx_hal_tim.o(i.HAL_TIM_TriggerCallback)
    HAL_UARTEx_RxEventCallback               0x080020cf   Thumb Code     2  stm32f4xx_hal_uart.o(i.HAL_UARTEx_RxEventCallback)
    HAL_UART_ErrorCallback                   0x080020d1   Thumb Code     2  stm32f4xx_hal_uart.o(i.HAL_UART_ErrorCallback)
    HAL_UART_IRQHandler                      0x080020d5   Thumb Code   636  stm32f4xx_hal_uart.o(i.HAL_UART_IRQHandler)
    HAL_UART_Init                            0x08002355   Thumb Code   100  stm32f4xx_hal_uart.o(i.HAL_UART_Init)
    HAL_UART_MspInit                         0x080023b9   Thumb Code   888  usart.o(i.HAL_UART_MspInit)
    HAL_UART_Receive_DMA                     0x08002765   Thumb Code    28  stm32f4xx_hal_uart.o(i.HAL_UART_Receive_DMA)
    HAL_UART_RxCpltCallback                  0x08002781   Thumb Code   352  a04_spi.o(i.HAL_UART_RxCpltCallback)
    HAL_UART_RxHalfCpltCallback              0x08002911   Thumb Code     2  stm32f4xx_hal_uart.o(i.HAL_UART_RxHalfCpltCallback)
    HAL_UART_Transmit_DMA                    0x08002915   Thumb Code   120  stm32f4xx_hal_uart.o(i.HAL_UART_Transmit_DMA)
    HAL_UART_TxCpltCallback                  0x08002999   Thumb Code     2  stm32f4xx_hal_uart.o(i.HAL_UART_TxCpltCallback)
    HAL_UART_TxHalfCpltCallback              0x0800299b   Thumb Code     2  stm32f4xx_hal_uart.o(i.HAL_UART_TxHalfCpltCallback)
    HardFault_Handler                        0x0800299d   Thumb Code     2  stm32f4xx_it.o(i.HardFault_Handler)
    MX_DMA_Init                              0x080029a1   Thumb Code   200  dma.o(i.MX_DMA_Init)
    MX_GPIO_Init                             0x08002a6d   Thumb Code   252  gpio.o(i.MX_GPIO_Init)
    MX_SPI2_Init                             0x08002b7d   Thumb Code    62  spi.o(i.MX_SPI2_Init)
    MX_TIM2_Init                             0x08002bc5   Thumb Code    96  tim.o(i.MX_TIM2_Init)
    MX_UART5_Init                            0x08002c29   Thumb Code    48  usart.o(i.MX_UART5_Init)
    MX_USART1_UART_Init                      0x08002c61   Thumb Code    48  usart.o(i.MX_USART1_UART_Init)
    MX_USART2_UART_Init                      0x08002c99   Thumb Code    48  usart.o(i.MX_USART2_UART_Init)
    MX_USART6_UART_Init                      0x08002cd1   Thumb Code    48  usart.o(i.MX_USART6_UART_Init)
    MemManage_Handler                        0x08002d09   Thumb Code     2  stm32f4xx_it.o(i.MemManage_Handler)
    NMI_Handler                              0x08002d0b   Thumb Code     2  stm32f4xx_it.o(i.NMI_Handler)
    PendSV_Handler                           0x08002d0d   Thumb Code     2  stm32f4xx_it.o(i.PendSV_Handler)
    SPI2_IRQHandler                          0x08002d11   Thumb Code     6  stm32f4xx_it.o(i.SPI2_IRQHandler)
    SVC_Handler                              0x08002e55   Thumb Code     2  stm32f4xx_it.o(i.SVC_Handler)
    SysTick_Handler                          0x08002e57   Thumb Code     4  stm32f4xx_it.o(i.SysTick_Handler)
    SystemClock_Config                       0x08002e5d   Thumb Code   140  main.o(i.SystemClock_Config)
    SystemInit                               0x08002ef1   Thumb Code    12  system_stm32f4xx.o(i.SystemInit)
    TIM2_IRQHandler                          0x08002f01   Thumb Code    82  stm32f4xx_it.o(i.TIM2_IRQHandler)
    TIM_Base_SetConfig                       0x08002f69   Thumb Code   164  stm32f4xx_hal_tim.o(i.TIM_Base_SetConfig)
    TIM_ETR_SetConfig                        0x08003039   Thumb Code    20  stm32f4xx_hal_tim.o(i.TIM_ETR_SetConfig)
    UART5_IRQHandler                         0x080030a5   Thumb Code     6  stm32f4xx_it.o(i.UART5_IRQHandler)
    UART_Start_Receive_DMA                   0x08003431   Thumb Code   146  stm32f4xx_hal_uart.o(i.UART_Start_Receive_DMA)
    USART1_IRQHandler                        0x080034d1   Thumb Code    20  stm32f4xx_it.o(i.USART1_IRQHandler)
    USART2_IRQHandler                        0x080034e9   Thumb Code    20  stm32f4xx_it.o(i.USART2_IRQHandler)
    USART6_IRQHandler                        0x08003501   Thumb Code    20  stm32f4xx_it.o(i.USART6_IRQHandler)
    UsageFault_Handler                       0x08003519   Thumb Code     2  stm32f4xx_it.o(i.UsageFault_Handler)
    calculate_checksum                       0x0800353b   Thumb Code    86  a04_spi.o(i.calculate_checksum)
    delay_us                                 0x08003591   Thumb Code    76  hal_delay.o(i.delay_us)
    main                                     0x080035e1   Thumb Code   102  main.o(i.main)
    __aeabi_d2f                              0x08003661   Thumb Code     0  d2f.o(x$fpl$d2f)
    _d2f                                     0x08003661   Thumb Code    98  d2f.o(x$fpl$d2f)
    __aeabi_ddiv                             0x080036c5   Thumb Code     0  ddiv.o(x$fpl$ddiv)
    _ddiv                                    0x080036c5   Thumb Code   552  ddiv.o(x$fpl$ddiv)
    __aeabi_d2iz                             0x08003975   Thumb Code     0  dfix.o(x$fpl$dfix)
    _dfix                                    0x08003975   Thumb Code    94  dfix.o(x$fpl$dfix)
    __aeabi_i2d                              0x080039d3   Thumb Code     0  dflt_clz.o(x$fpl$dflt)
    _dflt                                    0x080039d3   Thumb Code    46  dflt_clz.o(x$fpl$dflt)
    __aeabi_ui2d                             0x08003a01   Thumb Code     0  dflt_clz.o(x$fpl$dfltu)
    _dfltu                                   0x08003a01   Thumb Code    38  dflt_clz.o(x$fpl$dfltu)
    __aeabi_dmul                             0x08003a29   Thumb Code     0  dmul.o(x$fpl$dmul)
    _dmul                                    0x08003a29   Thumb Code   332  dmul.o(x$fpl$dmul)
    __fpl_dnaninf                            0x08003b7d   Thumb Code   156  dnaninf.o(x$fpl$dnaninf)
    __fpl_dretinf                            0x08003c19   Thumb Code    12  dretinf.o(x$fpl$dretinf)
    _fp_init                                 0x08003c25   Thumb Code    10  fpinit.o(x$fpl$fpinit)
    __fplib_config_fpu_vfp                   0x08003c2d   Thumb Code     0  fpinit.o(x$fpl$fpinit)
    __fplib_config_pureend_doubles           0x08003c2d   Thumb Code     0  fpinit.o(x$fpl$fpinit)
    __fpl_fretinf                            0x08003c2f   Thumb Code    10  fretinf.o(x$fpl$fretinf)
    __I$use$fp                               0x08003c38   Number         0  usenofp.o(x$fpl$usenofp)
    AHBPrescTable                            0x08003c40   Data          16  system_stm32f4xx.o(.constdata)
    APBPrescTable                            0x08003c50   Data           8  system_stm32f4xx.o(.constdata)
    Region$$Table$$Base                      0x08003c58   Number         0  anon$$obj.o(Region$$Table)
    Region$$Table$$Limit                     0x08003c78   Number         0  anon$$obj.o(Region$$Table)
    tempreature                              0x20000000   Data           4  main.o(.data)
    rec                                      0x20000004   Data           1  stm32f4xx_it.o(.data)
    cnt_ck                                   0x20000008   Data           4  stm32f4xx_it.o(.data)
    cnt_s                                    0x2000000c   Data           4  stm32f4xx_it.o(.data)
    uwTickFreq                               0x20000010   Data           1  stm32f4xx_hal.o(.data)
    uwTickPrio                               0x20000014   Data           4  stm32f4xx_hal.o(.data)
    uwTick                                   0x20000018   Data           4  stm32f4xx_hal.o(.data)
    SystemCoreClock                          0x2000001c   Data           4  system_stm32f4xx.o(.data)
    ADS131A0x_Ready_flag                     0x20000020   Data           1  a04_spi.o(.data)
    adcenable_flag                           0x20000021   Data           1  a04_spi.o(.data)
    A_SYS_CFG_rec                            0x20000022   Data           2  a04_spi.o(.data)
    STAT_N_rec                               0x20000024   Data           2  a04_spi.o(.data)
    STAT_M2_rec                              0x20000026   Data           2  a04_spi.o(.data)
    txData                                   0x20000028   Data           4  a04_spi.o(.data)
    zeros                                    0x2000002c   Data           4  a04_spi.o(.data)
    Unclock_id                               0x20000030   Data           4  a04_spi.o(.data)
    Wakeup                                   0x20000034   Data           4  a04_spi.o(.data)
    Index                                    0x20000038   Data           4  a04_spi.o(.data)
    ckcnt                                    0x2000003c   Data           4  a04_spi.o(.data)
    Rx_Dry_count                             0x20000040   Data           4  a04_spi.o(.data)
    value                                    0x20000044   Data           4  a04_spi.o(.data)
    Dev_ID                                   0x2000004c   Data           4  a04_spi.o(.data)
    rxData                                   0x20000050   Data           4  a04_spi.o(.data)
    rxBuf                                    0x20000054   Data          10  main.o(.bss)
    rxBuf_1                                  0x2000005e   Data          10  main.o(.bss)
    rxBuf_2                                  0x20000068   Data          10  main.o(.bss)
    hspi2                                    0x20000074   Data          88  spi.o(.bss)
    hdma_spi2_rx                             0x200000cc   Data          96  spi.o(.bss)
    hdma_spi2_tx                             0x2000012c   Data          96  spi.o(.bss)
    htim2                                    0x2000018c   Data          72  tim.o(.bss)
    huart5                                   0x200001d4   Data          72  usart.o(.bss)
    huart1                                   0x2000021c   Data          72  usart.o(.bss)
    huart2                                   0x20000264   Data          72  usart.o(.bss)
    huart6                                   0x200002ac   Data          72  usart.o(.bss)
    hdma_uart5_rx                            0x200002f4   Data          96  usart.o(.bss)
    hdma_uart5_tx                            0x20000354   Data          96  usart.o(.bss)
    hdma_usart1_rx                           0x200003b4   Data          96  usart.o(.bss)
    hdma_usart1_tx                           0x20000414   Data          96  usart.o(.bss)
    hdma_usart2_rx                           0x20000474   Data          96  usart.o(.bss)
    hdma_usart2_tx                           0x200004d4   Data          96  usart.o(.bss)
    hdma_usart6_rx                           0x20000534   Data          96  usart.o(.bss)
    hdma_usart6_tx                           0x20000594   Data          96  usart.o(.bss)
    emptyTxBuffer                            0x200005f4   Data          20  a04_spi.o(.bss)
    data                                     0x20000608   Data          12  a04_spi.o(.bss)
    ADS131A0x_DataBuf                        0x20000614   Data          20  a04_spi.o(.bss)
    ch                                       0x20000628   Data          36  a04_spi.o(.bss)
    recBuffer                                0x2000064c   Data          20  a04_spi.o(.bss)
    ADC_Volt                                 0x20000660   Data          16  a04_spi.o(.bss)
    IXZ_F50X_X                               0x20000670   Data          16  a04_spi.o(.bss)
    IXZ_F50X_Y                               0x20000680   Data          16  a04_spi.o(.bss)
    IXZ_F50X_Z                               0x20000690   Data          16  a04_spi.o(.bss)
    Date_Transmit                            0x200006a0   Data          37  a04_spi.o(.bss)
    __libspace_start                         0x200006c8   Data          96  libspace.o(.bss)
    __temporary_stack_top$libspace           0x20000728   Data           0  libspace.o(.bss)



==============================================================================

Memory Map of the image

  Image Entry point : 0x08000189

  Load Region LR_IROM1 (Base: 0x08000000, Size: 0x00003ccc, Max: 0x00080000, ABSOLUTE)

    Execution Region ER_IROM1 (Exec base: 0x08000000, Load base: 0x08000000, Size: 0x00003c78, Max: 0x00080000, ABSOLUTE)

    Exec Addr    Load Addr    Size         Type   Attr      Idx    E Section Name        Object

    0x08000000   0x08000000   0x00000188   Data   RO            3    RESET               startup_stm32f405xx.o
    0x08000188   0x08000188   0x00000008   Code   RO         3673  * !!!main             c_w.l(__main.o)
    0x08000190   0x08000190   0x00000034   Code   RO         3865    !!!scatter          c_w.l(__scatter.o)
    0x080001c4   0x080001c4   0x0000001a   Code   RO         3867    !!handler_copy      c_w.l(__scatter_copy.o)
    0x080001de   0x080001de   0x00000002   PAD
    0x080001e0   0x080001e0   0x0000001c   Code   RO         3869    !!handler_zi        c_w.l(__scatter_zi.o)
    0x080001fc   0x080001fc   0x00000002   Code   RO         3735    .ARM.Collect$$libinit$$00000000  c_w.l(libinit.o)
    0x080001fe   0x080001fe   0x00000004   Code   RO         3747    .ARM.Collect$$libinit$$00000001  c_w.l(libinit2.o)
    0x08000202   0x08000202   0x00000000   Code   RO         3750    .ARM.Collect$$libinit$$00000004  c_w.l(libinit2.o)
    0x08000202   0x08000202   0x00000000   Code   RO         3753    .ARM.Collect$$libinit$$0000000A  c_w.l(libinit2.o)
    0x08000202   0x08000202   0x00000000   Code   RO         3755    .ARM.Collect$$libinit$$0000000C  c_w.l(libinit2.o)
    0x08000202   0x08000202   0x00000000   Code   RO         3757    .ARM.Collect$$libinit$$0000000E  c_w.l(libinit2.o)
    0x08000202   0x08000202   0x00000000   Code   RO         3760    .ARM.Collect$$libinit$$00000011  c_w.l(libinit2.o)
    0x08000202   0x08000202   0x00000000   Code   RO         3762    .ARM.Collect$$libinit$$00000013  c_w.l(libinit2.o)
    0x08000202   0x08000202   0x00000000   Code   RO         3764    .ARM.Collect$$libinit$$00000015  c_w.l(libinit2.o)
    0x08000202   0x08000202   0x00000000   Code   RO         3766    .ARM.Collect$$libinit$$00000017  c_w.l(libinit2.o)
    0x08000202   0x08000202   0x00000000   Code   RO         3768    .ARM.Collect$$libinit$$00000019  c_w.l(libinit2.o)
    0x08000202   0x08000202   0x00000000   Code   RO         3770    .ARM.Collect$$libinit$$0000001B  c_w.l(libinit2.o)
    0x08000202   0x08000202   0x00000000   Code   RO         3772    .ARM.Collect$$libinit$$0000001D  c_w.l(libinit2.o)
    0x08000202   0x08000202   0x00000000   Code   RO         3774    .ARM.Collect$$libinit$$0000001F  c_w.l(libinit2.o)
    0x08000202   0x08000202   0x00000000   Code   RO         3776    .ARM.Collect$$libinit$$00000021  c_w.l(libinit2.o)
    0x08000202   0x08000202   0x00000000   Code   RO         3778    .ARM.Collect$$libinit$$00000023  c_w.l(libinit2.o)
    0x08000202   0x08000202   0x00000000   Code   RO         3780    .ARM.Collect$$libinit$$00000025  c_w.l(libinit2.o)
    0x08000202   0x08000202   0x00000000   Code   RO         3784    .ARM.Collect$$libinit$$0000002C  c_w.l(libinit2.o)
    0x08000202   0x08000202   0x00000000   Code   RO         3786    .ARM.Collect$$libinit$$0000002E  c_w.l(libinit2.o)
    0x08000202   0x08000202   0x00000000   Code   RO         3788    .ARM.Collect$$libinit$$00000030  c_w.l(libinit2.o)
    0x08000202   0x08000202   0x00000000   Code   RO         3790    .ARM.Collect$$libinit$$00000032  c_w.l(libinit2.o)
    0x08000202   0x08000202   0x00000002   Code   RO         3791    .ARM.Collect$$libinit$$00000033  c_w.l(libinit2.o)
    0x08000204   0x08000204   0x00000002   Code   RO         3822    .ARM.Collect$$libshutdown$$00000000  c_w.l(libshutdown.o)
    0x08000206   0x08000206   0x00000000   Code   RO         3848    .ARM.Collect$$libshutdown$$00000002  c_w.l(libshutdown2.o)
    0x08000206   0x08000206   0x00000000   Code   RO         3850    .ARM.Collect$$libshutdown$$00000004  c_w.l(libshutdown2.o)
    0x08000206   0x08000206   0x00000000   Code   RO         3853    .ARM.Collect$$libshutdown$$00000007  c_w.l(libshutdown2.o)
    0x08000206   0x08000206   0x00000000   Code   RO         3856    .ARM.Collect$$libshutdown$$0000000A  c_w.l(libshutdown2.o)
    0x08000206   0x08000206   0x00000000   Code   RO         3858    .ARM.Collect$$libshutdown$$0000000C  c_w.l(libshutdown2.o)
    0x08000206   0x08000206   0x00000000   Code   RO         3861    .ARM.Collect$$libshutdown$$0000000F  c_w.l(libshutdown2.o)
    0x08000206   0x08000206   0x00000002   Code   RO         3862    .ARM.Collect$$libshutdown$$00000010  c_w.l(libshutdown2.o)
    0x08000208   0x08000208   0x00000000   Code   RO         3693    .ARM.Collect$$rtentry$$00000000  c_w.l(__rtentry.o)
    0x08000208   0x08000208   0x00000000   Code   RO         3706    .ARM.Collect$$rtentry$$00000002  c_w.l(__rtentry2.o)
    0x08000208   0x08000208   0x00000006   Code   RO         3718    .ARM.Collect$$rtentry$$00000004  c_w.l(__rtentry4.o)
    0x0800020e   0x0800020e   0x00000000   Code   RO         3708    .ARM.Collect$$rtentry$$00000009  c_w.l(__rtentry2.o)
    0x0800020e   0x0800020e   0x00000004   Code   RO         3709    .ARM.Collect$$rtentry$$0000000A  c_w.l(__rtentry2.o)
    0x08000212   0x08000212   0x00000000   Code   RO         3711    .ARM.Collect$$rtentry$$0000000C  c_w.l(__rtentry2.o)
    0x08000212   0x08000212   0x00000008   Code   RO         3712    .ARM.Collect$$rtentry$$0000000D  c_w.l(__rtentry2.o)
    0x0800021a   0x0800021a   0x00000002   Code   RO         3739    .ARM.Collect$$rtexit$$00000000  c_w.l(rtexit.o)
    0x0800021c   0x0800021c   0x00000000   Code   RO         3795    .ARM.Collect$$rtexit$$00000002  c_w.l(rtexit2.o)
    0x0800021c   0x0800021c   0x00000004   Code   RO         3796    .ARM.Collect$$rtexit$$00000003  c_w.l(rtexit2.o)
    0x08000220   0x08000220   0x00000006   Code   RO         3797    .ARM.Collect$$rtexit$$00000004  c_w.l(rtexit2.o)
    0x08000226   0x08000226   0x00000002   PAD
    0x08000228   0x08000228   0x00000040   Code   RO            4    .text               startup_stm32f405xx.o
    0x08000268   0x08000268   0x000000ee   Code   RO         3665    .text               c_w.l(lludivv7m.o)
    0x08000356   0x08000356   0x00000064   Code   RO         3667    .text               c_w.l(rt_memcpy_w.o)
    0x080003ba   0x080003ba   0x0000004e   Code   RO         3669    .text               c_w.l(rt_memclr_w.o)
    0x08000408   0x08000408   0x00000006   Code   RO         3671    .text               c_w.l(heapauxi.o)
    0x0800040e   0x0800040e   0x0000004a   Code   RO         3722    .text               c_w.l(sys_stackheap_outer.o)
    0x08000458   0x08000458   0x00000012   Code   RO         3724    .text               c_w.l(exit.o)
    0x0800046a   0x0800046a   0x00000002   PAD
    0x0800046c   0x0800046c   0x00000008   Code   RO         3736    .text               c_w.l(libspace.o)
    0x08000474   0x08000474   0x0000000c   Code   RO         3792    .text               c_w.l(sys_exit.o)
    0x08000480   0x08000480   0x00000002   Code   RO         3811    .text               c_w.l(use_no_semi.o)
    0x08000482   0x08000482   0x00000000   Code   RO         3813    .text               c_w.l(indicate_semi.o)
    0x08000482   0x08000482   0x00000002   PAD
    0x08000484   0x08000484   0x000000ac   Code   RO         3437    i.ADS131A04_Init    a04_spi.o
    0x08000530   0x08000530   0x0000002c   Code   RO         3439    i.ADS131A04_Reset   a04_spi.o
    0x0800055c   0x0800055c   0x00000154   Code   RO         3440    i.ADS131A0xGetChannels  a04_spi.o
    0x080006b0   0x080006b0   0x0000002c   Code   RO         3441    i.ADS131A0xSendCmd  a04_spi.o
    0x080006dc   0x080006dc   0x00000020   Code   RO         3442    i.ADS131A0xSetCS    a04_spi.o
    0x080006fc   0x080006fc   0x0000000c   Code   RO         3443    i.ADS131A0xWriteRegister  a04_spi.o
    0x08000708   0x08000708   0x0000002c   Code   RO         3444    i.ADS131A0xXferWord  a04_spi.o
    0x08000734   0x08000734   0x00000002   Code   RO          381    i.BusFault_Handler  stm32f4xx_it.o
    0x08000736   0x08000736   0x00000002   PAD
    0x08000738   0x08000738   0x0000000c   Code   RO          382    i.DMA1_Stream0_IRQHandler  stm32f4xx_it.o
    0x08000744   0x08000744   0x0000000c   Code   RO          383    i.DMA1_Stream3_IRQHandler  stm32f4xx_it.o
    0x08000750   0x08000750   0x0000000c   Code   RO          384    i.DMA1_Stream4_IRQHandler  stm32f4xx_it.o
    0x0800075c   0x0800075c   0x0000000c   Code   RO          385    i.DMA1_Stream5_IRQHandler  stm32f4xx_it.o
    0x08000768   0x08000768   0x0000000c   Code   RO          386    i.DMA1_Stream6_IRQHandler  stm32f4xx_it.o
    0x08000774   0x08000774   0x0000000c   Code   RO          387    i.DMA1_Stream7_IRQHandler  stm32f4xx_it.o
    0x08000780   0x08000780   0x0000000c   Code   RO          388    i.DMA2_Stream1_IRQHandler  stm32f4xx_it.o
    0x0800078c   0x0800078c   0x0000000c   Code   RO          389    i.DMA2_Stream2_IRQHandler  stm32f4xx_it.o
    0x08000798   0x08000798   0x0000000c   Code   RO          390    i.DMA2_Stream6_IRQHandler  stm32f4xx_it.o
    0x080007a4   0x080007a4   0x0000000c   Code   RO          391    i.DMA2_Stream7_IRQHandler  stm32f4xx_it.o
    0x080007b0   0x080007b0   0x00000028   Code   RO         1371    i.DMA_CalcBaseAndBitshift  stm32f4xx_hal_dma.o
    0x080007d8   0x080007d8   0x00000054   Code   RO         1372    i.DMA_CheckFifoParam  stm32f4xx_hal_dma.o
    0x0800082c   0x0800082c   0x00000028   Code   RO         1373    i.DMA_SetConfig     stm32f4xx_hal_dma.o
    0x08000854   0x08000854   0x00000060   Code   RO         3562    i.DS18B20_Check     ds_18b20.o
    0x080008b4   0x080008b4   0x0000005c   Code   RO         3563    i.DS18B20_Get_Temperature_float  ds_18b20.o
    0x08000910   0x08000910   0x00000020   Code   RO         3564    i.DS18B20_IO_IN     ds_18b20.o
    0x08000930   0x08000930   0x00000024   Code   RO         3565    i.DS18B20_IO_OUT    ds_18b20.o
    0x08000954   0x08000954   0x0000002c   Code   RO         3566    i.DS18B20_Init      ds_18b20.o
    0x08000980   0x08000980   0x00000050   Code   RO         3567    i.DS18B20_Read_Bit  ds_18b20.o
    0x080009d0   0x080009d0   0x00000020   Code   RO         3568    i.DS18B20_Read_Byte  ds_18b20.o
    0x080009f0   0x080009f0   0x00000038   Code   RO         3569    i.DS18B20_Rst       ds_18b20.o
    0x08000a28   0x08000a28   0x0000001a   Code   RO         3570    i.DS18B20_Start     ds_18b20.o
    0x08000a42   0x08000a42   0x00000002   PAD
    0x08000a44   0x08000a44   0x00000064   Code   RO         3571    i.DS18B20_Write_Byte  ds_18b20.o
    0x08000aa8   0x08000aa8   0x00000098   Code   RO         3445    i.DataFormatting    a04_spi.o
    0x08000b40   0x08000b40   0x00000088   Code   RO         3446    i.Date_Transmit_All  a04_spi.o
    0x08000bc8   0x08000bc8   0x00000002   Code   RO          392    i.DebugMon_Handler  stm32f4xx_it.o
    0x08000bca   0x08000bca   0x00000008   Code   RO          393    i.EXTI15_10_IRQHandler  stm32f4xx_it.o
    0x08000bd2   0x08000bd2   0x00000004   Code   RO           13    i.Error_Handler     main.o
    0x08000bd6   0x08000bd6   0x00000092   Code   RO         1374    i.HAL_DMA_Abort     stm32f4xx_hal_dma.o
    0x08000c68   0x08000c68   0x00000024   Code   RO         1375    i.HAL_DMA_Abort_IT  stm32f4xx_hal_dma.o
    0x08000c8c   0x08000c8c   0x000001a0   Code   RO         1379    i.HAL_DMA_IRQHandler  stm32f4xx_hal_dma.o
    0x08000e2c   0x08000e2c   0x000000d4   Code   RO         1380    i.HAL_DMA_Init      stm32f4xx_hal_dma.o
    0x08000f00   0x08000f00   0x0000006e   Code   RO         1384    i.HAL_DMA_Start_IT  stm32f4xx_hal_dma.o
    0x08000f6e   0x08000f6e   0x00000002   PAD
    0x08000f70   0x08000f70   0x00000024   Code   RO         1811    i.HAL_Delay         stm32f4xx_hal.o
    0x08000f94   0x08000f94   0x00000044   Code   RO         3447    i.HAL_GPIO_EXTI_Callback  a04_spi.o
    0x08000fd8   0x08000fd8   0x00000018   Code   RO         1266    i.HAL_GPIO_EXTI_IRQHandler  stm32f4xx_hal_gpio.o
    0x08000ff0   0x08000ff0   0x000001f0   Code   RO         1267    i.HAL_GPIO_Init     stm32f4xx_hal_gpio.o
    0x080011e0   0x080011e0   0x0000000a   Code   RO         1269    i.HAL_GPIO_ReadPin  stm32f4xx_hal_gpio.o
    0x080011ea   0x080011ea   0x0000000a   Code   RO         1271    i.HAL_GPIO_WritePin  stm32f4xx_hal_gpio.o
    0x080011f4   0x080011f4   0x0000000c   Code   RO         1817    i.HAL_GetTick       stm32f4xx_hal.o
    0x08001200   0x08001200   0x00000010   Code   RO         1823    i.HAL_IncTick       stm32f4xx_hal.o
    0x08001210   0x08001210   0x00000034   Code   RO         1824    i.HAL_Init          stm32f4xx_hal.o
    0x08001244   0x08001244   0x00000040   Code   RO         1825    i.HAL_InitTick      stm32f4xx_hal.o
    0x08001284   0x08001284   0x00000030   Code   RO          566    i.HAL_MspInit       stm32f4xx_hal_msp.o
    0x080012b4   0x080012b4   0x0000001a   Code   RO         1659    i.HAL_NVIC_EnableIRQ  stm32f4xx_hal_cortex.o
    0x080012ce   0x080012ce   0x00000002   PAD
    0x080012d0   0x080012d0   0x00000040   Code   RO         1665    i.HAL_NVIC_SetPriority  stm32f4xx_hal_cortex.o
    0x08001310   0x08001310   0x00000024   Code   RO         1666    i.HAL_NVIC_SetPriorityGrouping  stm32f4xx_hal_cortex.o
    0x08001334   0x08001334   0x00000134   Code   RO          913    i.HAL_RCC_ClockConfig  stm32f4xx_hal_rcc.o
    0x08001468   0x08001468   0x00000020   Code   RO          920    i.HAL_RCC_GetPCLK1Freq  stm32f4xx_hal_rcc.o
    0x08001488   0x08001488   0x00000020   Code   RO          921    i.HAL_RCC_GetPCLK2Freq  stm32f4xx_hal_rcc.o
    0x080014a8   0x080014a8   0x0000004c   Code   RO          922    i.HAL_RCC_GetSysClockFreq  stm32f4xx_hal_rcc.o
    0x080014f4   0x080014f4   0x0000036c   Code   RO          925    i.HAL_RCC_OscConfig  stm32f4xx_hal_rcc.o
    0x08001860   0x08001860   0x00000002   Code   RO          597    i.HAL_SPI_ErrorCallback  stm32f4xx_hal_spi.o
    0x08001862   0x08001862   0x00000002   PAD
    0x08001864   0x08001864   0x000000fc   Code   RO          600    i.HAL_SPI_IRQHandler  stm32f4xx_hal_spi.o
    0x08001960   0x08001960   0x000000bc   Code   RO          601    i.HAL_SPI_Init      stm32f4xx_hal_spi.o
    0x08001a1c   0x08001a1c   0x000000dc   Code   RO          238    i.HAL_SPI_MspInit   spi.o
    0x08001af8   0x08001af8   0x000001f0   Code   RO          610    i.HAL_SPI_TransmitReceive  stm32f4xx_hal_spi.o
    0x08001ce8   0x08001ce8   0x00000028   Code   RO         1670    i.HAL_SYSTICK_Config  stm32f4xx_hal_cortex.o
    0x08001d10   0x08001d10   0x00000002   Code   RO         2768    i.HAL_TIMEx_BreakCallback  stm32f4xx_hal_tim_ex.o
    0x08001d12   0x08001d12   0x00000002   Code   RO         2769    i.HAL_TIMEx_CommutCallback  stm32f4xx_hal_tim_ex.o
    0x08001d14   0x08001d14   0x00000090   Code   RO         2787    i.HAL_TIMEx_MasterConfigSynchronization  stm32f4xx_hal_tim_ex.o
    0x08001da4   0x08001da4   0x0000005a   Code   RO         2064    i.HAL_TIM_Base_Init  stm32f4xx_hal_tim.o
    0x08001dfe   0x08001dfe   0x00000002   PAD
    0x08001e00   0x08001e00   0x00000038   Code   RO          280    i.HAL_TIM_Base_MspInit  tim.o
    0x08001e38   0x08001e38   0x00000080   Code   RO         2069    i.HAL_TIM_Base_Start_IT  stm32f4xx_hal_tim.o
    0x08001eb8   0x08001eb8   0x000000dc   Code   RO         2073    i.HAL_TIM_ConfigClockSource  stm32f4xx_hal_tim.o
    0x08001f94   0x08001f94   0x00000002   Code   RO         2098    i.HAL_TIM_IC_CaptureCallback  stm32f4xx_hal_tim.o
    0x08001f96   0x08001f96   0x00000130   Code   RO         2112    i.HAL_TIM_IRQHandler  stm32f4xx_hal_tim.o
    0x080020c6   0x080020c6   0x00000002   Code   RO         2115    i.HAL_TIM_OC_DelayElapsedCallback  stm32f4xx_hal_tim.o
    0x080020c8   0x080020c8   0x00000002   Code   RO         2142    i.HAL_TIM_PWM_PulseFinishedCallback  stm32f4xx_hal_tim.o
    0x080020ca   0x080020ca   0x00000002   Code   RO         2150    i.HAL_TIM_PeriodElapsedCallback  stm32f4xx_hal_tim.o
    0x080020cc   0x080020cc   0x00000002   Code   RO         2155    i.HAL_TIM_TriggerCallback  stm32f4xx_hal_tim.o
    0x080020ce   0x080020ce   0x00000002   Code   RO         3047    i.HAL_UARTEx_RxEventCallback  stm32f4xx_hal_uart.o
    0x080020d0   0x080020d0   0x00000002   Code   RO         3061    i.HAL_UART_ErrorCallback  stm32f4xx_hal_uart.o
    0x080020d2   0x080020d2   0x00000002   PAD
    0x080020d4   0x080020d4   0x00000280   Code   RO         3064    i.HAL_UART_IRQHandler  stm32f4xx_hal_uart.o
    0x08002354   0x08002354   0x00000064   Code   RO         3065    i.HAL_UART_Init     stm32f4xx_hal_uart.o
    0x080023b8   0x080023b8   0x000003ac   Code   RO          322    i.HAL_UART_MspInit  usart.o
    0x08002764   0x08002764   0x0000001c   Code   RO         3069    i.HAL_UART_Receive_DMA  stm32f4xx_hal_uart.o
    0x08002780   0x08002780   0x00000190   Code   RO         3448    i.HAL_UART_RxCpltCallback  a04_spi.o
    0x08002910   0x08002910   0x00000002   Code   RO         3072    i.HAL_UART_RxHalfCpltCallback  stm32f4xx_hal_uart.o
    0x08002912   0x08002912   0x00000002   PAD
    0x08002914   0x08002914   0x00000084   Code   RO         3074    i.HAL_UART_Transmit_DMA  stm32f4xx_hal_uart.o
    0x08002998   0x08002998   0x00000002   Code   RO         3076    i.HAL_UART_TxCpltCallback  stm32f4xx_hal_uart.o
    0x0800299a   0x0800299a   0x00000002   Code   RO         3077    i.HAL_UART_TxHalfCpltCallback  stm32f4xx_hal_uart.o
    0x0800299c   0x0800299c   0x00000002   Code   RO          394    i.HardFault_Handler  stm32f4xx_it.o
    0x0800299e   0x0800299e   0x00000002   PAD
    0x080029a0   0x080029a0   0x000000cc   Code   RO          213    i.MX_DMA_Init       dma.o
    0x08002a6c   0x08002a6c   0x00000110   Code   RO          185    i.MX_GPIO_Init      gpio.o
    0x08002b7c   0x08002b7c   0x00000048   Code   RO          239    i.MX_SPI2_Init      spi.o
    0x08002bc4   0x08002bc4   0x00000064   Code   RO          281    i.MX_TIM2_Init      tim.o
    0x08002c28   0x08002c28   0x00000038   Code   RO          323    i.MX_UART5_Init     usart.o
    0x08002c60   0x08002c60   0x00000038   Code   RO          324    i.MX_USART1_UART_Init  usart.o
    0x08002c98   0x08002c98   0x00000038   Code   RO          325    i.MX_USART2_UART_Init  usart.o
    0x08002cd0   0x08002cd0   0x00000038   Code   RO          326    i.MX_USART6_UART_Init  usart.o
    0x08002d08   0x08002d08   0x00000002   Code   RO          395    i.MemManage_Handler  stm32f4xx_it.o
    0x08002d0a   0x08002d0a   0x00000002   Code   RO          396    i.NMI_Handler       stm32f4xx_it.o
    0x08002d0c   0x08002d0c   0x00000002   Code   RO          397    i.PendSV_Handler    stm32f4xx_it.o
    0x08002d0e   0x08002d0e   0x00000002   PAD
    0x08002d10   0x08002d10   0x0000000c   Code   RO          398    i.SPI2_IRQHandler   stm32f4xx_it.o
    0x08002d1c   0x08002d1c   0x00000010   Code   RO          628    i.SPI_DMAAbortOnError  stm32f4xx_hal_spi.o
    0x08002d2c   0x08002d2c   0x0000006c   Code   RO          639    i.SPI_EndRxTxTransaction  stm32f4xx_hal_spi.o
    0x08002d98   0x08002d98   0x000000bc   Code   RO          644    i.SPI_WaitFlagStateUntilTimeout  stm32f4xx_hal_spi.o
    0x08002e54   0x08002e54   0x00000002   Code   RO          399    i.SVC_Handler       stm32f4xx_it.o
    0x08002e56   0x08002e56   0x00000004   Code   RO          400    i.SysTick_Handler   stm32f4xx_it.o
    0x08002e5a   0x08002e5a   0x00000002   PAD
    0x08002e5c   0x08002e5c   0x00000094   Code   RO           14    i.SystemClock_Config  main.o
    0x08002ef0   0x08002ef0   0x00000010   Code   RO         3399    i.SystemInit        system_stm32f4xx.o
    0x08002f00   0x08002f00   0x00000068   Code   RO          401    i.TIM2_IRQHandler   stm32f4xx_it.o
    0x08002f68   0x08002f68   0x000000d0   Code   RO         2157    i.TIM_Base_SetConfig  stm32f4xx_hal_tim.o
    0x08003038   0x08003038   0x00000014   Code   RO         2168    i.TIM_ETR_SetConfig  stm32f4xx_hal_tim.o
    0x0800304c   0x0800304c   0x00000010   Code   RO         2169    i.TIM_ITRx_SetConfig  stm32f4xx_hal_tim.o
    0x0800305c   0x0800305c   0x00000022   Code   RO         2175    i.TIM_TI1_ConfigInputStage  stm32f4xx_hal_tim.o
    0x0800307e   0x0800307e   0x00000024   Code   RO         2177    i.TIM_TI2_ConfigInputStage  stm32f4xx_hal_tim.o
    0x080030a2   0x080030a2   0x00000002   PAD
    0x080030a4   0x080030a4   0x0000000c   Code   RO          402    i.UART5_IRQHandler  stm32f4xx_it.o
    0x080030b0   0x080030b0   0x0000000e   Code   RO         3078    i.UART_DMAAbortOnError  stm32f4xx_hal_uart.o
    0x080030be   0x080030be   0x0000004a   Code   RO         3079    i.UART_DMAError     stm32f4xx_hal_uart.o
    0x08003108   0x08003108   0x00000086   Code   RO         3080    i.UART_DMAReceiveCplt  stm32f4xx_hal_uart.o
    0x0800318e   0x0800318e   0x0000001e   Code   RO         3082    i.UART_DMARxHalfCplt  stm32f4xx_hal_uart.o
    0x080031ac   0x080031ac   0x00000042   Code   RO         3084    i.UART_DMATransmitCplt  stm32f4xx_hal_uart.o
    0x080031ee   0x080031ee   0x0000000a   Code   RO         3086    i.UART_DMATxHalfCplt  stm32f4xx_hal_uart.o
    0x080031f8   0x080031f8   0x0000004e   Code   RO         3088    i.UART_EndRxTransfer  stm32f4xx_hal_uart.o
    0x08003246   0x08003246   0x0000001c   Code   RO         3089    i.UART_EndTxTransfer  stm32f4xx_hal_uart.o
    0x08003262   0x08003262   0x000000c2   Code   RO         3090    i.UART_Receive_IT   stm32f4xx_hal_uart.o
    0x08003324   0x08003324   0x0000010c   Code   RO         3091    i.UART_SetConfig    stm32f4xx_hal_uart.o
    0x08003430   0x08003430   0x000000a0   Code   RO         3092    i.UART_Start_Receive_DMA  stm32f4xx_hal_uart.o
    0x080034d0   0x080034d0   0x00000018   Code   RO          403    i.USART1_IRQHandler  stm32f4xx_it.o
    0x080034e8   0x080034e8   0x00000018   Code   RO          404    i.USART2_IRQHandler  stm32f4xx_it.o
    0x08003500   0x08003500   0x00000018   Code   RO          405    i.USART6_IRQHandler  stm32f4xx_it.o
    0x08003518   0x08003518   0x00000002   Code   RO          406    i.UsageFault_Handler  stm32f4xx_it.o
    0x0800351a   0x0800351a   0x00000020   Code   RO         1672    i.__NVIC_SetPriority  stm32f4xx_hal_cortex.o
    0x0800353a   0x0800353a   0x00000056   Code   RO         3451    i.calculate_checksum  a04_spi.o
    0x08003590   0x08003590   0x00000050   Code   RO         3642    i.delay_us          hal_delay.o
    0x080035e0   0x080035e0   0x00000080   Code   RO           15    i.main              main.o
    0x08003660   0x08003660   0x00000062   Code   RO         3675    x$fpl$d2f           fz_wm.l(d2f.o)
    0x080036c2   0x080036c2   0x00000002   PAD
    0x080036c4   0x080036c4   0x000002b0   Code   RO         3678    x$fpl$ddiv          fz_wm.l(ddiv.o)
    0x08003974   0x08003974   0x0000005e   Code   RO         3681    x$fpl$dfix          fz_wm.l(dfix.o)
    0x080039d2   0x080039d2   0x0000002e   Code   RO         3686    x$fpl$dflt          fz_wm.l(dflt_clz.o)
    0x08003a00   0x08003a00   0x00000026   Code   RO         3685    x$fpl$dfltu         fz_wm.l(dflt_clz.o)
    0x08003a26   0x08003a26   0x00000002   PAD
    0x08003a28   0x08003a28   0x00000154   Code   RO         3691    x$fpl$dmul          fz_wm.l(dmul.o)
    0x08003b7c   0x08003b7c   0x0000009c   Code   RO         3698    x$fpl$dnaninf       fz_wm.l(dnaninf.o)
    0x08003c18   0x08003c18   0x0000000c   Code   RO         3700    x$fpl$dretinf       fz_wm.l(dretinf.o)
    0x08003c24   0x08003c24   0x0000000a   Code   RO         3807    x$fpl$fpinit        fz_wm.l(fpinit.o)
    0x08003c2e   0x08003c2e   0x0000000a   Code   RO         3702    x$fpl$fretinf       fz_wm.l(fretinf.o)
    0x08003c38   0x08003c38   0x00000000   Code   RO         3704    x$fpl$usenofp       fz_wm.l(usenofp.o)
    0x08003c38   0x08003c38   0x00000008   Data   RO         1386    .constdata          stm32f4xx_hal_dma.o
    0x08003c40   0x08003c40   0x00000010   Data   RO         3400    .constdata          system_stm32f4xx.o
    0x08003c50   0x08003c50   0x00000008   Data   RO         3401    .constdata          system_stm32f4xx.o
    0x08003c58   0x08003c58   0x00000020   Data   RO         3863    Region$$Table       anon$$obj.o


    Execution Region RW_IRAM1 (Exec base: 0x20000000, Load base: 0x08003c78, Size: 0x00000d28, Max: 0x0001c000, ABSOLUTE)

    Exec Addr    Load Addr    Size         Type   Attr      Idx    E Section Name        Object

    0x20000000   0x08003c78   0x00000004   Data   RW           17    .data               main.o
    0x20000004   0x08003c7c   0x0000000c   Data   RW          410    .data               stm32f4xx_it.o
    0x20000010   0x08003c88   0x0000000c   Data   RW         1831    .data               stm32f4xx_hal.o
    0x2000001c   0x08003c94   0x00000004   Data   RW         3402    .data               system_stm32f4xx.o
    0x20000020   0x08003c98   0x00000034   Data   RW         3454    .data               a04_spi.o
    0x20000054        -       0x0000001e   Zero   RW           16    .bss                main.o
    0x20000072   0x08003ccc   0x00000002   PAD
    0x20000074        -       0x00000118   Zero   RW          240    .bss                spi.o
    0x2000018c        -       0x00000048   Zero   RW          282    .bss                tim.o
    0x200001d4        -       0x00000420   Zero   RW          327    .bss                usart.o
    0x200005f4        -       0x000000d1   Zero   RW         3452    .bss                a04_spi.o
    0x200006c5   0x08003ccc   0x00000003   PAD
    0x200006c8        -       0x00000060   Zero   RW         3737    .bss                c_w.l(libspace.o)
    0x20000728        -       0x00000200   Zero   RW            2    HEAP                startup_stm32f405xx.o
    0x20000928        -       0x00000400   Zero   RW            1    STACK               startup_stm32f405xx.o


    Execution Region RW_IRAM2 (Exec base: 0x2001c000, Load base: 0x08003ccc, Size: 0x00000000, Max: 0x00004000, ABSOLUTE)

    **** No section assigned to this execution region ****


==============================================================================

Image component sizes


      Code (inc. data)   RO Data    RW Data    ZI Data      Debug   Object Name

      1530        140          0         52        209      13443   a04_spi.o
       204          4          0          0          0        894   dma.o
       594         44          0          0          0       6286   ds_18b20.o
       272         20          0          0          0       1083   gpio.o
        80          4          0          0          0        975   hal_delay.o
       280         34          0          4         30     651336   main.o
       292         32          0          0        280       1879   spi.o
        64         26        392          0       1536        848   startup_stm32f405xx.o
       180         28          0         12          0       9453   stm32f4xx_hal.o
       198         14          0          0          0      33847   stm32f4xx_hal_cortex.o
      1084         16          8          0          0       7394   stm32f4xx_hal_dma.o
       540         52          0          0          0       3498   stm32f4xx_hal_gpio.o
        48          6          0          0          0        870   stm32f4xx_hal_msp.o
      1324         74          0          0          0       5232   stm32f4xx_hal_rcc.o
      1250         22          0          0          0       7178   stm32f4xx_hal_spi.o
      1066         72          0          0          0      10945   stm32f4xx_hal_tim.o
       148         28          0          0          0       2505   stm32f4xx_hal_tim_ex.o
      1966         40          0          0          0      15406   stm32f4xx_hal_uart.o
       348        106          0         12          0      14047   stm32f4xx_it.o
        16          4         24          4          0       1139   system_stm32f4xx.o
       156         10          0          0         72       1718   tim.o
      1164         84          0          0       1056       4705   usart.o

    ----------------------------------------------------------------------
     12828        860        456         84       3188     794681   Object Totals
         0          0         32          0          0          0   (incl. Generated)
        24          0          0          0          5          0   (incl. Padding)

    ----------------------------------------------------------------------

      Code (inc. data)   RO Data    RW Data    ZI Data      Debug   Library Member Name

         8          0          0          0          0         68   __main.o
         0          0          0          0          0          0   __rtentry.o
        12          0          0          0          0          0   __rtentry2.o
         6          0          0          0          0          0   __rtentry4.o
        52          8          0          0          0          0   __scatter.o
        26          0          0          0          0          0   __scatter_copy.o
        28          0          0          0          0          0   __scatter_zi.o
        18          0          0          0          0         80   exit.o
         6          0          0          0          0        152   heapauxi.o
         0          0          0          0          0          0   indicate_semi.o
         2          0          0          0          0          0   libinit.o
         6          0          0          0          0          0   libinit2.o
         2          0          0          0          0          0   libshutdown.o
         2          0          0          0          0          0   libshutdown2.o
         8          4          0          0         96         68   libspace.o
       238          0          0          0          0        100   lludivv7m.o
        78          0          0          0          0         80   rt_memclr_w.o
       100          0          0          0          0         80   rt_memcpy_w.o
         2          0          0          0          0          0   rtexit.o
        10          0          0          0          0          0   rtexit2.o
        12          4          0          0          0         68   sys_exit.o
        74          0          0          0          0         80   sys_stackheap_outer.o
         2          0          0          0          0         68   use_no_semi.o
        98          4          0          0          0        140   d2f.o
       688        140          0          0          0        256   ddiv.o
        94          4          0          0          0        140   dfix.o
        84          0          0          0          0        232   dflt_clz.o
       340         12          0          0          0        152   dmul.o
       156          4          0          0          0        140   dnaninf.o
        12          0          0          0          0        116   dretinf.o
        10          0          0          0          0        116   fpinit.o
        10          0          0          0          0        116   fretinf.o
         0          0          0          0          0          0   usenofp.o

    ----------------------------------------------------------------------
      2196        180          0          0         96       2252   Library Totals
        12          0          0          0          0          0   (incl. Padding)

    ----------------------------------------------------------------------

      Code (inc. data)   RO Data    RW Data    ZI Data      Debug   Library Name

       692         16          0          0         96        844   c_w.l
      1492        164          0          0          0       1408   fz_wm.l

    ----------------------------------------------------------------------
      2196        180          0          0         96       2252   Library Totals

    ----------------------------------------------------------------------

==============================================================================


      Code (inc. data)   RO Data    RW Data    ZI Data      Debug   

     15024       1040        456         84       3284     782821   Grand Totals
     15024       1040        456         84       3284     782821   ELF Image Totals
     15024       1040        456         84          0          0   ROM Totals

==============================================================================

    Total RO  Size (Code + RO Data)                15480 (  15.12kB)
    Total RW  Size (RW Data + ZI Data)              3368 (   3.29kB)
    Total ROM Size (Code + RO Data + RW Data)      15564 (  15.20kB)

==============================================================================

